2026/06/14 01:22:20 [INFO] Running inside AppImage, base path: /tmp/.mount_dabrib7N94k
2026/06/14 01:22:20 [INFO] Initializing application...
2026/06/14 01:22:20 [INFO] Loading configuration from: /home/zendrulat/.config/dabri/config.yaml
2026/06/14 01:22:20 [INFO] Configuration loaded successfully
2026/06/14 01:22:20 [INFO] Initializing services with dependency injection...
2026/06/14 01:22:20 [INFO] Detected environment: Wayland
2026/06/14 01:22:20 [INFO] Model path resolved: /tmp/.mount_dabrib7N94k/sources/language-models/small-q5_1.bin
2026/06/14 01:22:20 [INFO] [AUDIO DIAGNOSTICS] Recording method: arecord, Device: default
2026/06/14 01:22:20 [INFO] [AUDIO DIAGNOSTICS] ALSA capture devices:
2026/06/14 01:22:20 [INFO] **** List of CAPTURE Hardware Devices ****
card 0: SoundCard [VirtIO SoundCard], device 0: virtio-snd [VirtIO PCM 0]
  Subdevices: 1/1
  Subdevice #0: subdevice #0
whisper_init_from_file_with_params_no_state: loading model from '/tmp/.mount_dabrib7N94k/sources/language-models/small-q5_1.bin'
whisper_init_with_params_no_state: use gpu    = 1
whisper_init_with_params_no_state: flash attn = 1
whisper_init_with_params_no_state: gpu_device = 0
whisper_init_with_params_no_state: dtw        = 0
ggml_vulkan: No devices found.
whisper_init_with_params_no_state: devices    = 1
whisper_init_with_params_no_state: backends   = 2
whisper_model_load: loading model
whisper_model_load: n_vocab       = 51865
whisper_model_load: n_audio_ctx   = 1500
whisper_model_load: n_audio_state = 768
whisper_model_load: n_audio_head  = 12
whisper_model_load: n_audio_layer = 12
whisper_model_load: n_text_ctx    = 448
whisper_model_load: n_text_state  = 768
whisper_model_load: n_text_head   = 12
whisper_model_load: n_text_layer  = 12
whisper_model_load: n_mels        = 80
whisper_model_load: ftype         = 9
whisper_model_load: qntvr         = 1
whisper_model_load: type          = 3 (small)
whisper_model_load: adding 1608 extra tokens
whisper_model_load: n_langs       = 99
whisper_model_load:          CPU total size =   189.49 MB
whisper_model_load: model size    =  189.49 MB
whisper_backend_init_gpu: device 0: CPU (type: 0)
whisper_backend_init_gpu: no GPU found
whisper_init_state: kv self size  =   18.87 MB
whisper_init_state: kv cross size =   56.62 MB
whisper_init_state: kv pad  size  =    4.72 MB
whisper_init_state: compute buffer (conv)   =   22.42 MB
whisper_init_state: compute buffer (encode) =   33.85 MB
whisper_init_state: compute buffer (cross)  =    6.20 MB
whisper_init_state: compute buffer (decode) =   97.28 MB
2026/06/14 01:22:21 [INFO] Whisper system_info: n_threads = 8 / 8 | WHISPER : COREML = 0 | OPENVINO = 0 | CPU : SSE3 = 1 | SSSE3 = 1 | AVX = 1 | AVX2 = 1 | F16C = 1 | FMA = 1 | BMI2 = 1 | OPENMP = 1 | REPACK = 1 | 
2026/06/14 01:22:21 [INFO] D-Bus portal GlobalShortcuts not available
2026/06/14 01:22:21 [INFO] D-Bus not available in AppImage, trying evdev...
2026/06/14 01:22:21 [WARNING] No hotkey provider available — hotkeys will be disabled
2026/06/14 01:22:21 [INFO] To enable hotkeys:
2026/06/14 01:22:21 [INFO]   - GNOME/KDE: ensure xdg-desktop-portal is running
2026/06/14 01:22:21 [INFO]   - Minimal WMs (i3, bspwm, etc.): enable evdev via 'provider: evdev' in config
2026/06/14 01:22:21 systray error: failed to register: The name org.kde.StatusNotifierWatcher was not provided by any .service files
2026/06/14 01:22:22 [INFO] Setting up hotkey callbacks...
2026/06/14 01:22:22 [INFO] Hotkey callbacks configured successfully
2026/06/14 01:22:22 [INFO] Services initialized successfully
2026/06/14 01:22:22 [INFO] Application initialization complete
2026/06/14 01:22:22 [INFO] Starting application...
2026/06/14 01:22:22 [INFO] Starting application services...
2026/06/14 01:22:22 [INFO] Starting WebSocket server...
2026/06/14 01:22:22 [INFO] Registering hotkeys...
2026/06/14 01:22:22 [INFO] Starting hotkey manager...
2026/06/14 01:22:22 [INFO] - Start/Stop recording: alt+r
2026/06/14 01:22:22 [INFO] Registered action: toggle_recording (alt+r) (but it will not function with dummy provider)
2026/06/14 01:22:22 [INFO] Registered action: show_config (alt+c) (but it will not function with dummy provider)
2026/06/14 01:22:22 [INFO] Registered action: reset_to_defaults (alt+d) (but it will not function with dummy provider)
2026/06/14 01:22:22 [WARNING] Using dummy keyboard provider; hotkeys will not be functional
2026/06/14 01:22:22 [INFO] 
2026/06/14 01:22:22 [INFO] To enable hotkeys, try one of these solutions:
2026/06/14 01:22:22 [INFO] 
2026/06/14 01:22:22 [INFO] 🔧 Modern Desktop Environments (GNOME/KDE):
2026/06/14 01:22:22 [INFO]    - Ensure D-Bus session is running
2026/06/14 01:22:22 [INFO]    - Check if 'dbus-daemon --session' is active
2026/06/14 01:22:22 [INFO] 
2026/06/14 01:22:22 [INFO] 🔧 Other Desktop Environments (XFCE/i3/sway):
2026/06/14 01:22:22 [INFO]    - Add your user to the 'input' group: sudo usermod -a -G input $USER
2026/06/14 01:22:22 [INFO]    - Then logout and login again
2026/06/14 01:22:22 [INFO]    - Or run the application with sudo (not recommended)
2026/06/14 01:22:22 [INFO] 
2026/06/14 01:22:22 [INFO] 🔧 Alternative Solutions:
2026/06/14 01:22:22 [INFO]    - Use system hotkey tools like 'sxhkd' or 'xbindkeys'
2026/06/14 01:22:22 [INFO]    - Configure DE-specific keyboard shortcuts
2026/06/14 01:22:22 [INFO]    - Use the WebSocket interface for remote control
2026/06/14 01:22:22 [INFO] 
2026/06/14 01:22:22 [INFO] Application services started successfully
2026/06/14 01:22:22 [INFO] IPC server listening on /run/user/1000/dabri.sock
2026/06/14 01:22:38 [INFO] Starting recording...
2026/06/14 01:22:38 [INFO] Recording process started: PID=22079, command=arecord
2026/06/14 01:22:43 [INFO] Stopping recording and transcribing...
2026/06/14 01:22:47 [INFO] Transcription result: Hey Gomer, how are you?
2026/06/14 01:22:47 [INFO] Outputting text: Hey Gomer, how are you?
2026/06/14 01:22:47 [INFO] UI Success: Transcription complete
2026/06/14 01:22:57 [INFO] Starting recording...
2026/06/14 01:22:57 [INFO] Recording process started: PID=22256, command=arecord
2026/06/14 01:23:02 [INFO] Stopping recording and transcribing...
2026/06/14 01:23:06 [INFO] Transcription result: Can you remember today as "Selik"?
2026/06/14 01:23:06 [INFO] Outputting text: Can you remember today as "Selik"?
2026/06/14 01:23:06 [INFO] UI Success: Transcription complete
2026/06/14 01:23:06 [INFO] Starting recording...
2026/06/14 01:23:06 [INFO] Recording process started: PID=22375, command=arecord
2026/06/14 01:23:11 [INFO] Stopping recording and transcribing...
2026/06/14 01:23:15 [INFO] Transcription result: (swoosh)
2026/06/14 01:23:15 [INFO] Outputting text: (swoosh)
2026/06/14 01:23:15 [INFO] UI Success: Transcription complete
2026/06/14 01:23:16 [INFO] Starting recording...
2026/06/14 01:23:16 [INFO] Recording process started: PID=22572, command=arecord
2026/06/14 01:23:21 [INFO] Stopping recording and transcribing...
2026/06/14 01:23:25 [INFO] Empty transcript received
2026/06/14 01:23:25 [ERROR] UI Error: No speech detected
2026/06/14 01:23:25 [INFO] Notification: No Speech - No speech was detected in the recording
2026/06/14 01:23:44 [INFO] Starting recording...
2026/06/14 01:23:44 [INFO] Recording process started: PID=22821, command=arecord
2026/06/14 01:23:49 [INFO] Stopping recording and transcribing...
2026/06/14 01:23:53 [INFO] Transcription result: Remember today is Saturday.
2026/06/14 01:23:53 [INFO] Outputting text: Remember today is Saturday.
2026/06/14 01:23:53 [INFO] UI Success: Transcription complete
2026/06/14 01:23:54 [INFO] Starting recording...
2026/06/14 01:23:54 [INFO] Recording process started: PID=22940, command=arecord
2026/06/14 01:23:58 [INFO] Stopping recording and transcribing...
2026/06/14 01:24:03 [INFO] Transcription result: EGLE-IMER.
2026/06/14 01:24:03 [INFO] Outputting text: EGLE-IMER.
2026/06/14 01:24:03 [INFO] UI Success: Transcription complete
2026/06/14 01:24:04 [INFO] Starting recording...
2026/06/14 01:24:04 [INFO] Recording process started: PID=23224, command=arecord
2026/06/14 01:24:08 [INFO] Stopping recording and transcribing...
2026/06/14 01:24:13 [INFO] Transcription result: Hey Gollimer, how are you?
2026/06/14 01:24:13 [INFO] Outputting text: Hey Gollimer, how are you?
2026/06/14 01:24:13 [INFO] UI Success: Transcription complete
2026/06/14 01:24:18 [INFO] Starting recording...
2026/06/14 01:24:18 [INFO] Recording process started: PID=23385, command=arecord
2026/06/14 01:24:23 [INFO] Stopping recording and transcribing...
2026/06/14 01:24:26 [INFO] Transcription result: Remember today is Saturday.
2026/06/14 01:24:26 [INFO] Outputting text: Remember today is Saturday.
2026/06/14 01:24:27 [INFO] UI Success: Transcription complete
2026/06/14 01:24:27 [INFO] Starting recording...
2026/06/14 01:24:27 [INFO] Recording process started: PID=23496, command=arecord
2026/06/14 01:24:32 [INFO] Stopping recording and transcribing...
2026/06/14 01:24:37 [INFO] Transcription result: Hey, golem.
2026/06/14 01:24:37 [INFO] Outputting text: Hey, golem.
2026/06/14 01:24:37 [INFO] UI Success: Transcription complete
2026/06/14 01:24:37 [INFO] Starting recording...
2026/06/14 01:24:37 [INFO] Recording process started: PID=23729, command=arecord
2026/06/14 01:24:39 [INFO] Stopping recording and transcribing...
2026/06/14 01:24:44 [INFO] Empty transcript received
2026/06/14 01:24:44 [ERROR] UI Error: No speech detected
2026/06/14 01:24:44 [INFO] Notification: No Speech - No speech was detected in the recording
2026/06/14 01:26:12 [INFO] Starting recording...
2026/06/14 01:26:12 [INFO] Recording process started: PID=24241, command=arecord
2026/06/14 01:26:16 [INFO] Stopping recording and transcribing...
2026/06/14 01:26:21 [INFO] Transcription result: Hey Golemmer, remember today is Saturday.
2026/06/14 01:26:21 [INFO] Outputting text: Hey Golemmer, remember today is Saturday.
2026/06/14 01:26:21 [INFO] UI Success: Transcription complete
2026/06/14 01:26:25 [INFO] Starting recording...
2026/06/14 01:26:25 [INFO] Recording process started: PID=24385, command=arecord
2026/06/14 01:26:29 [INFO] Stopping recording and transcribing...
2026/06/14 01:26:33 [INFO] Transcription result: Hey Glamour, what is today?
2026/06/14 01:26:33 [INFO] Outputting text: Hey Glamour, what is today?
2026/06/14 01:26:34 [INFO] UI Success: Transcription complete
2026/06/14 01:26:34 [INFO] Starting recording...
2026/06/14 01:26:34 [INFO] Recording process started: PID=24496, command=arecord
2026/06/14 01:26:39 [INFO] Stopping recording and transcribing...
2026/06/14 01:26:43 [INFO] Empty transcript received
2026/06/14 01:26:43 [ERROR] UI Error: No speech detected
2026/06/14 01:26:43 [INFO] Notification: No Speech - No speech was detected in the recording
2026/06/14 01:28:17 [INFO] Starting recording...
2026/06/14 01:28:17 [INFO] Recording process started: PID=24969, command=arecord
2026/06/14 01:28:22 [INFO] Stopping recording and transcribing...
2026/06/14 01:28:26 [INFO] Transcription result: What is today?
2026/06/14 01:28:26 [INFO] Outputting text: What is today?
2026/06/14 01:28:26 [INFO] UI Success: Transcription complete
2026/06/14 01:28:27 [INFO] Starting recording...
2026/06/14 01:28:27 [INFO] Recording process started: PID=25080, command=arecord
2026/06/14 01:28:31 [INFO] Stopping recording and transcribing...
2026/06/14 01:28:35 [INFO] Transcription result: Hey, golem, what is today?
2026/06/14 01:28:35 [INFO] Outputting text: Hey, golem, what is today?
2026/06/14 01:28:35 [INFO] UI Success: Transcription complete
2026/06/14 01:28:40 [INFO] Starting recording...
2026/06/14 01:28:40 [INFO] Recording process started: PID=25243, command=arecord
2026/06/14 01:28:44 [INFO] Stopping recording and transcribing...
2026/06/14 01:28:48 [INFO] Transcription result: Hey Golem, remember today?
2026/06/14 01:28:48 [INFO] Outputting text: Hey Golem, remember today?
2026/06/14 01:28:48 [INFO] UI Success: Transcription complete
2026/06/14 01:28:51 [INFO] Starting recording...
2026/06/14 01:28:51 [INFO] Recording process started: PID=25378, command=arecord
2026/06/14 01:28:56 [INFO] Stopping recording and transcribing...
2026/06/14 01:29:00 [INFO] Transcription result: Hey, Golemr, what is today?
2026/06/14 01:29:00 [INFO] Outputting text: Hey, Golemr, what is today?
2026/06/14 01:29:00 [INFO] UI Success: Transcription complete
2026/06/14 01:29:04 [INFO] Starting recording...
2026/06/14 01:29:04 [INFO] Recording process started: PID=25528, command=arecord
2026/06/14 01:32:34 [INFO] Start ignored: recording already in progress
2026/06/14 01:32:39 [INFO] Stopping recording and transcribing...
2026/06/14 01:33:08 [INFO] Starting recording...
2026/06/14 01:33:08 [INFO] Recording process started: PID=26189, command=arecord
2026/06/14 01:33:13 [INFO] Stopping recording and transcribing...
