2026/04/18 08:29:37 chat.go:1782: 🎭 Starting SOCIAL-ONLY Chat Training (human_chat.txt only)
2026/04/18 08:29:37 chat.go:1816: 📊 Loaded 1735 social conversation pairs from human_chat.txt
2026/04/18 08:29:37 vocab.go:54: NewVocabulary: Initial size after adding <pad> and UNK: 2
2026/04/18 08:29:37 chat.go:1843: 📐 Pre-computed final vocab size: 4080
2026/04/18 08:29:37 chat.go:1851: 📥 Resuming training: Loading existing social model from data/models/gob_models/moe_social_model.gob
2026/04/18 08:29:38 chat.go:1897: 📂 Data: 1561 training, 174 validation
2026/04/18 08:29:38 chat.go:1935: 🔤 Using existing model vocabulary: 4080 tokens
2026/04/18 08:29:38 chat.go:1944: 🔤 Vocabulary State: 4080 tokens (BOS=2, EOS=3, PAD=0)
2026/04/18 08:29:38 chat.go:1955: 🎭 Training social model for 60 epochs at peak LR=0.000010
2026/04/18 08:29:38 mlm_training.go:824: 📝 Extracted 2837 unique sentences for MLM pre-training
2026/04/18 08:29:38 mlm_training.go:362: 🎓 ═══════════════════════════════════════════════
2026/04/18 08:29:38 mlm_training.go:363: 🎓  PHASE 0: Masked Language Model Pre-Training
2026/04/18 08:29:38 mlm_training.go:364: 🎓  Teaching grammar through word prediction...
2026/04/18 08:29:38 mlm_training.go:365: 🎓 ═══════════════════════════════════════════════
2026/04/18 08:29:38 mlm_training.go:420: 🎓 MLM: Starting epoch 1 with 2837 sentences (Batch Size: 64)
2026/04/18 08:29:38 mlm_training.go:432: 🚀 MLM: First batch loaded (SeqLen: 32). Starting forward pass...
🔍 Goffi: Initializing OpenBLAS...
✅ Goffi: Loaded OpenBLAS from libopenblas.so
✅ Goffi: Found cblas_sgemm symbol.
✅ Goffi: SGEMM Call Interface prepared.
