🚀 Starting High-Performance MoE Training Pipeline...
📍 Backend: OpenCL (via goffi)
📍 Accelerator: Pure-Go SIMD + goffi Dispatch (CGO_ENABLED=0)
✅ Build Successful. Launching training...
2026/04/18 06:23:09 chat.go:1782: 🎭 Starting SOCIAL-ONLY Chat Training (human_chat.txt only)
2026/04/18 06:23:09 chat.go:1816: 📊 Loaded 1735 social conversation pairs from human_chat.txt
2026/04/18 06:23:09 vocab.go:54: NewVocabulary: Initial size after adding <pad> and UNK: 2
2026/04/18 06:23:09 chat.go:1843: 📐 Pre-computed final vocab size: 4080
2026/04/18 06:23:09 chat.go:1851: 📥 Resuming training: Loading existing social model from data/models/gob_models/moe_social_model.gob
2026/04/18 06:23:10 chat.go:1897: 📂 Data: 1561 training, 174 validation
2026/04/18 06:23:10 chat.go:1935: 🔤 Using existing model vocabulary: 4080 tokens
2026/04/18 06:23:10 chat.go:1944: 🔤 Vocabulary State: 4080 tokens (BOS=2, EOS=3, PAD=0)
2026/04/18 06:23:10 chat.go:1955: 🎭 Training social model for 60 epochs at peak LR=0.000010
2026/04/18 06:23:10 mlm_training.go:824: 📝 Extracted 2838 unique sentences for MLM pre-training
2026/04/18 06:23:10 mlm_training.go:362: 🎓 ═══════════════════════════════════════════════
2026/04/18 06:23:10 mlm_training.go:363: 🎓  PHASE 0: Masked Language Model Pre-Training
2026/04/18 06:23:10 mlm_training.go:364: 🎓  Teaching grammar through word prediction...
2026/04/18 06:23:10 mlm_training.go:365: 🎓 ═══════════════════════════════════════════════
2026/04/18 06:23:10 mlm_training.go:420: 🎓 MLM: Starting epoch 1 with 2838 sentences (Batch Size: 64)
2026/04/18 06:23:10 mlm_training.go:432: 🚀 MLM: First batch loaded (SeqLen: 32). Starting forward pass...
🔍 Goffi: Initializing OpenBLAS...
✅ Goffi: Loaded OpenBLAS from libopenblas.so
✅ Goffi: Found cblas_sgemm symbol.
✅ Goffi: SGEMM Call Interface prepared.
2026/04/18 06:23:18 mlm_training.go:567: ✅ MLM: First batch update complete. Convergence started.
2026/04/18 06:24:54 mlm_training.go:569: ⏳ MLM: Step 10 in progress...
2026/04/18 06:26:33 mlm_training.go:569: ⏳ MLM: Step 20 in progress...
2026/04/18 06:28:13 mlm_training.go:569: ⏳ MLM: Step 30 in progress...
2026/04/18 06:29:52 mlm_training.go:569: ⏳ MLM: Step 40 in progress...
2026/04/18 06:30:26 mlm_training.go:635: 🎓 [MLM] Epoch 1/5 Complete | Avg Loss: 7.6797 | PPL: 2163.9 | Batches: 45
2026/04/18 06:30:26 mlm_training.go:420: 🎓 MLM: Starting epoch 2 with 2838 sentences (Batch Size: 64)
2026/04/18 06:31:17 mlm_training.go:590: 🎓 [MLM] Step 50 | Loss: 7.4662 (smooth: 7.4938) | PPL: 1796.9 | LR: 0.004774 | 0.1 steps/s
2026/04/18 06:31:17 mlm_training.go:775: [Intent: social]    🔍 'part [___] a' → Answer: 'of' | Predicted: .(1.0%), i(0.2%), [(0.2%) ❌
2026/04/18 06:31:28 mlm_training.go:569: ⏳ MLM: Step 50 in progress...
2026/04/18 06:33:11 mlm_training.go:569: ⏳ MLM: Step 60 in progress...
2026/04/18 06:34:55 mlm_training.go:569: ⏳ MLM: Step 70 in progress...
2026/04/18 06:36:41 mlm_training.go:569: ⏳ MLM: Step 80 in progress...
2026/04/18 06:38:07 mlm_training.go:635: 🎓 [MLM] Epoch 2/5 Complete | Avg Loss: 7.3995 | PPL: 1635.1 | Batches: 45
2026/04/18 06:38:07 mlm_training.go:420: 🎓 MLM: Starting epoch 3 with 2838 sentences (Batch Size: 64)
2026/04/18 06:38:17 mlm_training.go:569: ⏳ MLM: Step 90 in progress...
2026/04/18 06:39:52 mlm_training.go:590: 🎓 [MLM] Step 100 | Loss: 7.1297 (smooth: 7.3202) | PPL: 1768.2 | LR: 0.003355 | 0.1 steps/s
2026/04/18 06:39:52 mlm_training.go:775: [Intent: social]    🔍 'you'll [___] sensors' → Answer: 'need' | Predicted: .(1.0%), and(0.3%), [(0.2%) ❌
2026/04/18 06:40:03 mlm_training.go:569: ⏳ MLM: Step 100 in progress...
2026/04/18 06:41:49 mlm_training.go:569: ⏳ MLM: Step 110 in progress...
2026/04/18 06:43:34 mlm_training.go:569: ⏳ MLM: Step 120 in progress...
2026/04/18 06:45:21 mlm_training.go:569: ⏳ MLM: Step 130 in progress...
2026/04/18 06:45:56 mlm_training.go:635: 🎓 [MLM] Epoch 3/5 Complete | Avg Loss: 7.3408 | PPL: 1542.0 | Batches: 45
2026/04/18 06:45:56 mlm_training.go:420: 🎓 MLM: Starting epoch 4 with 2838 sentences (Batch Size: 64)
2026/04/18 06:46:58 mlm_training.go:569: ⏳ MLM: Step 140 in progress...
2026/04/18 06:48:34 mlm_training.go:590: 🎓 [MLM] Step 150 | Loss: 7.4645 (smooth: 7.3090) | PPL: 1740.8 | LR: 0.001426 | 0.1 steps/s
2026/04/18 06:48:34 mlm_training.go:775: [Intent: social]    🔍 'don't [___] disney' → Answer: 'have' | Predicted: .(0.6%), and(0.3%), [(0.2%) ❌
2026/04/18 06:48:45 mlm_training.go:569: ⏳ MLM: Step 150 in progress...
2026/04/18 06:50:31 mlm_training.go:569: ⏳ MLM: Step 160 in progress...
2026/04/18 06:52:16 mlm_training.go:569: ⏳ MLM: Step 170 in progress...
2026/04/18 06:53:42 mlm_training.go:635: 🎓 [MLM] Epoch 4/5 Complete | Avg Loss: 7.3138 | PPL: 1500.9 | Batches: 45
2026/04/18 06:53:42 mlm_training.go:420: 🎓 MLM: Starting epoch 5 with 2838 sentences (Batch Size: 64)
2026/04/18 06:53:53 mlm_training.go:569: ⏳ MLM: Step 180 in progress...
2026/04/18 06:55:40 mlm_training.go:569: ⏳ MLM: Step 190 in progress...
2026/04/18 06:57:15 mlm_training.go:590: 🎓 [MLM] Step 200 | Loss: 7.3032 (smooth: 7.3374) | PPL: 1720.4 | LR: 0.000137 | 0.1 steps/s
2026/04/18 06:57:15 mlm_training.go:775: [Intent: social]    🔍 ' [___] intent' → Answer: '[' | Predicted: .(1.2%), and(0.4%), [(0.3%) ❌
2026/04/18 06:57:27 mlm_training.go:569: ⏳ MLM: Step 200 in progress...
2026/04/18 06:59:19 mlm_training.go:569: ⏳ MLM: Step 210 in progress...
2026/04/18 07:01:10 mlm_training.go:569: ⏳ MLM: Step 220 in progress...
2026/04/18 07:01:47 mlm_training.go:635: 🎓 [MLM] Epoch 5/5 Complete | Avg Loss: 7.3493 | PPL: 1555.0 | Batches: 45
2026/04/18 07:01:47 mlm_training.go:645: 🎓 ═══════════════════════════════════════════════
2026/04/18 07:01:47 mlm_training.go:646: 🎓  MLM Pre-Training Complete (225 steps, 2317.6s)
2026/04/18 07:01:47 mlm_training.go:647: 🎓  Encoder and embeddings now understand word context.
2026/04/18 07:01:47 mlm_training.go:648: 🎓 ═══════════════════════════════════════════════
2026/04/18 07:03:06 chat.go:2127: 🎭 Epoch 1/60 | Batch 1 | Loss: 8.437842 | LR: 0.00001000
2026/04/18 07:04:48 chat.go:2127: 🎭 Epoch 1/60 | Batch 2 | Loss: 8.432022 | LR: 0.00001000
2026/04/18 07:07:48 chat.go:2127: 🎭 Epoch 1/60 | Batch 3 | Loss: 8.436607 | LR: 0.00001000
2026/04/18 07:09:25 chat.go:2127: 🎭 Epoch 1/60 | Batch 4 | Loss: 8.438395 | LR: 0.00001000
2026/04/18 07:10:12 chat.go:2127: 🎭 Epoch 1/60 | Batch 5 | Loss: 8.433760 | LR: 0.00001000
2026/04/18 07:11:23 chat.go:2127: 🎭 Epoch 1/60 | Batch 6 | Loss: 8.439775 | LR: 0.00001000
2026/04/18 07:13:26 chat.go:2127: 🎭 Epoch 1/60 | Batch 7 | Loss: 8.434974 | LR: 0.00001000
2026/04/18 07:14:44 chat.go:2127: 🎭 Epoch 1/60 | Batch 8 | Loss: 8.439503 | LR: 0.00000001
2026/04/18 07:16:31 chat.go:2127: 🎭 Epoch 1/60 | Batch 9 | Loss: 8.436004 | LR: 0.00000001
2026/04/18 07:17:29 chat.go:2127: 🎭 Epoch 1/60 | Batch 10 | Loss: 8.431229 | LR: 0.00000001
2026/04/18 07:18:56 chat.go:2127: 🎭 Epoch 1/60 | Batch 11 | Loss: 8.427537 | LR: 0.00000001
2026/04/18 07:19:56 chat.go:2127: 🎭 Epoch 1/60 | Batch 12 | Loss: 8.425486 | LR: 0.00000001
2026/04/18 07:21:48 chat.go:2127: 🎭 Epoch 1/60 | Batch 13 | Loss: 8.423309 | LR: 0.00000001
2026/04/18 07:23:36 chat.go:2127: 🎭 Epoch 1/60 | Batch 14 | Loss: 8.420749 | LR: 0.00000001
2026/04/18 07:25:02 chat.go:2127: 🎭 Epoch 1/60 | Batch 15 | Loss: 8.419644 | LR: 0.00000001
2026/04/18 07:26:25 chat.go:2127: 🎭 Epoch 1/60 | Batch 16 | Loss: 8.421993 | LR: 0.00000002
Terminated
