2026/04/18 08:33:40 chat.go:1782: 🎭 Starting SOCIAL-ONLY Chat Training (human_chat.txt only)
2026/04/18 08:33:40 chat.go:1816: 📊 Loaded 1735 social conversation pairs from human_chat.txt
2026/04/18 08:33:40 vocab.go:54: NewVocabulary: Initial size after adding <pad> and UNK: 2
2026/04/18 08:33:40 chat.go:1843: 📐 Pre-computed final vocab size: 4080
2026/04/18 08:33:40 chat.go:1851: 📥 Resuming training: Loading existing social model from data/models/gob_models/moe_social_model.gob
2026/04/18 08:33:41 chat.go:1897: 📂 Data: 1561 training, 174 validation
2026/04/18 08:33:41 chat.go:1935: 🔤 Using existing model vocabulary: 4080 tokens
2026/04/18 08:33:41 chat.go:1944: 🔤 Vocabulary State: 4080 tokens (BOS=2, EOS=3, PAD=0)
2026/04/18 08:33:41 chat.go:1955: 🎭 Training social model for 60 epochs at peak LR=0.000500
2026/04/18 08:33:41 mlm_training.go:824: 📝 Extracted 2829 unique sentences for MLM pre-training
2026/04/18 08:33:41 mlm_training.go:362: 🎓 ═══════════════════════════════════════════════
2026/04/18 08:33:41 mlm_training.go:363: 🎓  PHASE 0: Masked Language Model Pre-Training
2026/04/18 08:33:41 mlm_training.go:364: 🎓  Teaching grammar through word prediction...
2026/04/18 08:33:41 mlm_training.go:365: 🎓 ═══════════════════════════════════════════════
2026/04/18 08:33:41 mlm_training.go:420: 🎓 MLM: Starting epoch 1 with 2829 sentences (Batch Size: 64)
2026/04/18 08:33:41 mlm_training.go:432: 🚀 MLM: First batch loaded (SeqLen: 32). Starting forward pass...
🔍 Goffi: Initializing OpenBLAS...
✅ Goffi: Loaded OpenBLAS from libopenblas.so
✅ Goffi: Found cblas_sgemm symbol.
✅ Goffi: SGEMM Call Interface prepared.
2026/04/18 08:33:57 mlm_training.go:567: ✅ MLM: First batch update complete. Convergence started.
2026/04/18 08:36:32 mlm_training.go:569: ⏳ MLM: Step 10 in progress...
2026/04/18 08:39:49 mlm_training.go:569: ⏳ MLM: Step 20 in progress...
2026/04/18 08:42:58 mlm_training.go:569: ⏳ MLM: Step 30 in progress...
2026/04/18 08:46:09 mlm_training.go:569: ⏳ MLM: Step 40 in progress...
2026/04/18 08:47:10 mlm_training.go:635: 🎓 [MLM] Epoch 1/20 Complete | Avg Loss: 7.6086 | PPL: 2015.5 | Batches: 45
2026/04/18 08:47:10 mlm_training.go:420: 🎓 MLM: Starting epoch 2 with 2829 sentences (Batch Size: 64)
2026/04/18 08:48:47 mlm_training.go:590: 🎓 [MLM] Step 50 | Loss: 6.5195 (smooth: 6.8722) | PPL: 965.1 | LR: 0.027841 | 0.1 steps/s
2026/04/18 08:48:47 mlm_training.go:775: [Intent: social]    🔍 '[ [___] :' → Answer: 'intent' | Predicted: .(9.6%), ,(5.7%), !(5.2%) ❌
2026/04/18 08:49:05 mlm_training.go:569: ⏳ MLM: Step 50 in progress...
2026/04/18 08:52:11 mlm_training.go:569: ⏳ MLM: Step 60 in progress...
2026/04/18 08:55:23 mlm_training.go:569: ⏳ MLM: Step 70 in progress...
2026/04/18 08:58:31 mlm_training.go:569: ⏳ MLM: Step 80 in progress...
2026/04/18 09:00:58 mlm_training.go:635: 🎓 [MLM] Epoch 2/20 Complete | Avg Loss: 7.3402 | PPL: 1541.0 | Batches: 45
2026/04/18 09:00:58 mlm_training.go:420: 🎓 MLM: Starting epoch 3 with 2829 sentences (Batch Size: 64)
2026/04/18 09:01:18 mlm_training.go:569: ⏳ MLM: Step 90 in progress...
2026/04/18 09:04:01 mlm_training.go:590: 🎓 [MLM] Step 100 | Loss: 7.0760 (smooth: 7.4644) | PPL: 1043.1 | LR: 0.049976 | 0.1 steps/s
2026/04/18 09:04:02 mlm_training.go:775: [Intent: social]    🔍 'tickets [___] ' → Answer: 'for' | Predicted: is(13.3%), ?(8.9%), i(5.3%) ❌
2026/04/18 09:04:20 mlm_training.go:569: ⏳ MLM: Step 100 in progress...
2026/04/18 09:07:21 mlm_training.go:569: ⏳ MLM: Step 110 in progress...
2026/04/18 09:10:21 mlm_training.go:569: ⏳ MLM: Step 120 in progress...
2026/04/18 09:13:20 mlm_training.go:569: ⏳ MLM: Step 130 in progress...
2026/04/18 09:14:15 mlm_training.go:635: 🎓 [MLM] Epoch 3/20 Complete | Avg Loss: 7.4771 | PPL: 1767.1 | Batches: 45
2026/04/18 09:14:15 mlm_training.go:420: 🎓 MLM: Starting epoch 4 with 2829 sentences (Batch Size: 64)
2026/04/18 09:16:12 mlm_training.go:569: ⏳ MLM: Step 140 in progress...
2026/04/18 09:19:05 mlm_training.go:590: 🎓 [MLM] Step 150 | Loss: 7.2744 (smooth: 7.4451) | PPL: 1109.9 | LR: 0.049272 | 0.1 steps/s
2026/04/18 09:19:05 mlm_training.go:775: [Intent: social]    🔍 'stack [___] ?' → Answer: 'hard' | Predicted: ?(4.8%), i(4.2%), .(3.6%) ❌
2026/04/18 09:19:24 mlm_training.go:569: ⏳ MLM: Step 150 in progress...
2026/04/18 09:22:36 mlm_training.go:569: ⏳ MLM: Step 160 in progress...
2026/04/18 09:25:37 mlm_training.go:569: ⏳ MLM: Step 170 in progress...
2026/04/18 09:28:06 mlm_training.go:635: 🎓 [MLM] Epoch 4/20 Complete | Avg Loss: 7.0616 | PPL: 1166.3 | Batches: 45
2026/04/18 09:28:06 mlm_training.go:420: 🎓 MLM: Starting epoch 5 with 2829 sentences (Batch Size: 64)
2026/04/18 09:28:25 mlm_training.go:569: ⏳ MLM: Step 180 in progress...
2026/04/18 09:31:32 mlm_training.go:569: ⏳ MLM: Step 190 in progress...
2026/04/18 09:34:19 mlm_training.go:590: 🎓 [MLM] Step 200 | Loss: 6.7353 (smooth: 6.6038) | PPL: 1072.7 | LR: 0.047616 | 0.1 steps/s
2026/04/18 09:34:19 mlm_training.go:775: [Intent: social]    🔍 'somehow [___] saw' → Answer: 'never' | Predicted: ?(5.3%), .(4.4%), i(4.2%) ❌
2026/04/18 09:34:39 mlm_training.go:569: ⏳ MLM: Step 200 in progress...
2026/04/18 09:37:56 mlm_training.go:569: ⏳ MLM: Step 210 in progress...
2026/04/18 09:41:15 mlm_training.go:569: ⏳ MLM: Step 220 in progress...
2026/04/18 09:42:21 mlm_training.go:635: 🎓 [MLM] Epoch 5/20 Complete | Avg Loss: 6.4990 | PPL: 664.5 | Batches: 45
2026/04/18 09:42:21 mlm_training.go:420: 🎓 MLM: Starting epoch 6 with 2829 sentences (Batch Size: 64)
2026/04/18 09:44:21 mlm_training.go:569: ⏳ MLM: Step 230 in progress...
2026/04/18 09:47:35 mlm_training.go:569: ⏳ MLM: Step 240 in progress...
2026/04/18 09:50:29 mlm_training.go:590: 🎓 [MLM] Step 250 | Loss: 6.4866 (smooth: 6.3311) | PPL: 1021.6 | LR: 0.045073 | 0.1 steps/s
2026/04/18 09:50:29 mlm_training.go:775: [Intent: social]    🔍 'doubting [___] abilities' → Answer: 'your' | Predicted: .(8.3%), ?(3.2%), a(2.7%) ❌
2026/04/18 09:50:47 mlm_training.go:569: ⏳ MLM: Step 250 in progress...
2026/04/18 09:54:03 mlm_training.go:569: ⏳ MLM: Step 260 in progress...
2026/04/18 09:56:42 mlm_training.go:635: 🎓 [MLM] Epoch 6/20 Complete | Avg Loss: 6.3935 | PPL: 598.0 | Batches: 45
2026/04/18 09:56:42 mlm_training.go:420: 🎓 MLM: Starting epoch 7 with 2829 sentences (Batch Size: 64)
2026/04/18 09:57:00 mlm_training.go:569: ⏳ MLM: Step 270 in progress...
2026/04/18 10:00:15 mlm_training.go:569: ⏳ MLM: Step 280 in progress...
2026/04/18 10:03:47 mlm_training.go:569: ⏳ MLM: Step 290 in progress...
2026/04/18 10:06:21 mlm_training.go:590: 🎓 [MLM] Step 300 | Loss: 6.0860 (smooth: 6.2700) | PPL: 972.3 | LR: 0.041743 | 0.1 steps/s
2026/04/18 10:06:21 mlm_training.go:775: [Intent: social]    🔍 'ah [___] solid' → Answer: ',' | Predicted: .(3.9%), ?(3.2%), !(2.2%) ❌
2026/04/18 10:06:38 mlm_training.go:569: ⏳ MLM: Step 300 in progress...
2026/04/18 10:09:14 mlm_training.go:569: ⏳ MLM: Step 310 in progress...
2026/04/18 10:10:05 mlm_training.go:635: 🎓 [MLM] Epoch 7/20 Complete | Avg Loss: 6.3325 | PPL: 562.5 | Batches: 45
2026/04/18 10:10:05 mlm_training.go:420: 🎓 MLM: Starting epoch 8 with 2829 sentences (Batch Size: 64)
2026/04/18 10:11:43 mlm_training.go:569: ⏳ MLM: Step 320 in progress...
2026/04/18 10:14:23 mlm_training.go:569: ⏳ MLM: Step 330 in progress...
2026/04/18 10:17:12 mlm_training.go:569: ⏳ MLM: Step 340 in progress...
2026/04/18 10:19:35 mlm_training.go:590: 🎓 [MLM] Step 350 | Loss: 6.0570 (smooth: 6.2668) | PPL: 927.8 | LR: 0.037757 | 0.1 steps/s
2026/04/18 10:19:35 mlm_training.go:775: [Intent: social]    🔍 'sci [___] fi' → Answer: '-' | Predicted: .(4.7%), ?(3.8%), a(2.4%) ❌
2026/04/18 10:19:51 mlm_training.go:569: ⏳ MLM: Step 350 in progress...
2026/04/18 10:22:03 mlm_training.go:635: 🎓 [MLM] Epoch 8/20 Complete | Avg Loss: 6.2941 | PPL: 541.4 | Batches: 45
2026/04/18 10:22:03 mlm_training.go:420: 🎓 MLM: Starting epoch 9 with 2829 sentences (Batch Size: 64)
2026/04/18 10:22:19 mlm_training.go:569: ⏳ MLM: Step 360 in progress...
2026/04/18 10:24:59 mlm_training.go:569: ⏳ MLM: Step 370 in progress...
2026/04/18 10:27:40 mlm_training.go:569: ⏳ MLM: Step 380 in progress...
2026/04/18 10:30:16 mlm_training.go:569: ⏳ MLM: Step 390 in progress...
2026/04/18 10:32:58 mlm_training.go:590: 🎓 [MLM] Step 400 | Loss: 6.1008 (smooth: 6.2168) | PPL: 885.1 | LR: 0.033270 | 0.1 steps/s
2026/04/18 10:32:58 mlm_training.go:775: [Intent: social]    🔍 'just [___] bit' → Answer: 'a' | Predicted: .(6.2%), ?(3.3%), a(2.6%) ❌
2026/04/18 10:33:18 mlm_training.go:569: ⏳ MLM: Step 400 in progress...
2026/04/18 10:34:30 mlm_training.go:635: 🎓 [MLM] Epoch 9/20 Complete | Avg Loss: 6.2646 | PPL: 525.6 | Batches: 45
2026/04/18 10:34:30 mlm_training.go:420: 🎓 MLM: Starting epoch 10 with 2829 sentences (Batch Size: 64)
2026/04/18 10:36:34 mlm_training.go:569: ⏳ MLM: Step 410 in progress...
2026/04/18 10:40:11 mlm_training.go:569: ⏳ MLM: Step 420 in progress...
2026/04/18 10:43:43 mlm_training.go:569: ⏳ MLM: Step 430 in progress...
2026/04/18 10:47:14 mlm_training.go:569: ⏳ MLM: Step 440 in progress...
2026/04/18 10:50:08 mlm_training.go:590: 🎓 [MLM] Step 450 | Loss: 6.8940 (smooth: 6.2780) | PPL: 849.9 | LR: 0.028460 | 0.1 steps/s
2026/04/18 10:50:08 mlm_training.go:775: [Intent: social]    🔍 'haha [___] ' → Answer: ',' | Predicted: .(7.1%), ?(4.1%), i(2.8%) ❌
2026/04/18 10:50:08 mlm_training.go:635: 🎓 [MLM] Epoch 10/20 Complete | Avg Loss: 6.2021 | PPL: 493.8 | Batches: 45
2026/04/18 10:50:08 mlm_training.go:420: 🎓 MLM: Starting epoch 11 with 2829 sentences (Batch Size: 64)
2026/04/18 10:50:29 mlm_training.go:569: ⏳ MLM: Step 450 in progress...
2026/04/18 10:53:52 mlm_training.go:569: ⏳ MLM: Step 460 in progress...
2026/04/18 10:57:15 mlm_training.go:569: ⏳ MLM: Step 470 in progress...
2026/04/18 11:00:44 mlm_training.go:569: ⏳ MLM: Step 480 in progress...
2026/04/18 11:04:06 mlm_training.go:569: ⏳ MLM: Step 490 in progress...
2026/04/18 11:05:08 mlm_training.go:635: 🎓 [MLM] Epoch 11/20 Complete | Avg Loss: 6.2753 | PPL: 531.3 | Batches: 45
2026/04/18 11:05:08 mlm_training.go:420: 🎓 MLM: Starting epoch 12 with 2829 sentences (Batch Size: 64)
2026/04/18 11:06:51 mlm_training.go:590: 🎓 [MLM] Step 500 | Loss: 6.3968 (smooth: 6.3070) | PPL: 819.7 | LR: 0.023513 | 0.1 steps/s
2026/04/18 11:06:51 mlm_training.go:775: [Intent: social]    🔍 '] [___] !' → Answer: 'cool' | Predicted: ?(4.4%), .(4.2%), you(2.7%) ❌
2026/04/18 11:06:51 mlm_training.go:599: 💾 [MLM CHECKPOINT] Saving progress at Step 500...
2026/04/18 11:06:59 intent_moe.go:1200: ✅ [CHECKPOINT] Saved model to data/models/gob_models/moe_social_model.gob (Size: 135.60 MB)
2026/04/18 11:07:19 mlm_training.go:569: ⏳ MLM: Step 500 in progress...
2026/04/18 11:10:48 mlm_training.go:569: ⏳ MLM: Step 510 in progress...
2026/04/18 11:14:10 mlm_training.go:569: ⏳ MLM: Step 520 in progress...
2026/04/18 11:17:37 mlm_training.go:569: ⏳ MLM: Step 530 in progress...
2026/04/18 11:20:27 mlm_training.go:635: 🎓 [MLM] Epoch 12/20 Complete | Avg Loss: 6.1913 | PPL: 488.5 | Batches: 45
2026/04/18 11:20:27 mlm_training.go:420: 🎓 MLM: Starting epoch 13 with 2829 sentences (Batch Size: 64)
2026/04/18 11:20:49 mlm_training.go:569: ⏳ MLM: Step 540 in progress...
2026/04/18 11:23:59 mlm_training.go:590: 🎓 [MLM] Step 550 | Loss: 6.6666 (smooth: 6.2618) | PPL: 790.2 | LR: 0.018625 | 0.1 steps/s
2026/04/18 11:23:59 mlm_training.go:775: [Intent: social]    🔍 'changes [___] in' → Answer: 'recorded' | Predicted: .(6.2%), ,(3.8%), ?(3.7%) ❌
2026/04/18 11:24:20 mlm_training.go:569: ⏳ MLM: Step 550 in progress...
2026/04/18 11:27:51 mlm_training.go:569: ⏳ MLM: Step 560 in progress...
2026/04/18 11:31:19 mlm_training.go:569: ⏳ MLM: Step 570 in progress...
2026/04/18 11:34:45 mlm_training.go:569: ⏳ MLM: Step 580 in progress...
2026/04/18 11:35:53 mlm_training.go:635: 🎓 [MLM] Epoch 13/20 Complete | Avg Loss: 6.1555 | PPL: 471.3 | Batches: 45
2026/04/18 11:35:53 mlm_training.go:420: 🎓 MLM: Starting epoch 14 with 2829 sentences (Batch Size: 64)
2026/04/18 11:37:59 mlm_training.go:569: ⏳ MLM: Step 590 in progress...
2026/04/18 11:41:01 mlm_training.go:590: 🎓 [MLM] Step 600 | Loss: 5.9043 (smooth: 6.1082) | PPL: 756.1 | LR: 0.013987 | 0.1 steps/s
2026/04/18 11:41:01 mlm_training.go:775: [Intent: social]    🔍 '] [___] your' → Answer: 'is' | Predicted: .(5.9%), ?(3.9%), a(2.7%) ❌
2026/04/18 11:41:21 mlm_training.go:569: ⏳ MLM: Step 600 in progress...
2026/04/18 11:44:48 mlm_training.go:569: ⏳ MLM: Step 610 in progress...
2026/04/18 11:48:16 mlm_training.go:569: ⏳ MLM: Step 620 in progress...
2026/04/18 11:51:01 mlm_training.go:635: 🎓 [MLM] Epoch 14/20 Complete | Avg Loss: 6.1528 | PPL: 470.0 | Batches: 45
2026/04/18 11:51:01 mlm_training.go:420: 🎓 MLM: Starting epoch 15 with 2829 sentences (Batch Size: 64)
2026/04/18 11:51:20 mlm_training.go:569: ⏳ MLM: Step 630 in progress...
2026/04/18 11:54:38 mlm_training.go:569: ⏳ MLM: Step 640 in progress...
2026/04/18 11:57:47 mlm_training.go:590: 🎓 [MLM] Step 650 | Loss: 6.0053 (smooth: 6.1884) | PPL: 729.2 | LR: 0.009781 | 0.1 steps/s
2026/04/18 11:57:47 mlm_training.go:775: [Intent: social]    🔍 ', [___] architecture' → Answer: 'an' | Predicted: .(6.6%), ?(3.5%), ,(2.7%) ❌
2026/04/18 11:58:07 mlm_training.go:569: ⏳ MLM: Step 650 in progress...
2026/04/18 12:01:31 mlm_training.go:569: ⏳ MLM: Step 660 in progress...
2026/04/18 12:04:54 mlm_training.go:569: ⏳ MLM: Step 670 in progress...
2026/04/18 12:06:03 mlm_training.go:635: 🎓 [MLM] Epoch 15/20 Complete | Avg Loss: 6.1679 | PPL: 477.2 | Batches: 45
2026/04/18 12:06:03 mlm_training.go:420: 🎓 MLM: Starting epoch 16 with 2829 sentences (Batch Size: 64)
2026/04/18 12:08:05 mlm_training.go:569: ⏳ MLM: Step 680 in progress...
2026/04/18 12:11:24 mlm_training.go:569: ⏳ MLM: Step 690 in progress...
2026/04/18 12:14:24 mlm_training.go:590: 🎓 [MLM] Step 700 | Loss: 6.3894 (smooth: 6.1218) | PPL: 701.8 | LR: 0.006171 | 0.1 steps/s
2026/04/18 12:14:24 mlm_training.go:775: [Intent: social]    🔍 'go [___] <pad>' → Answer: '.' | Predicted: .(9.5%), ?(3.2%), a(2.9%) ✅
2026/04/18 12:14:48 mlm_training.go:569: ⏳ MLM: Step 700 in progress...
2026/04/18 12:18:18 mlm_training.go:569: ⏳ MLM: Step 710 in progress...
2026/04/18 12:21:11 mlm_training.go:635: 🎓 [MLM] Epoch 16/20 Complete | Avg Loss: 6.0950 | PPL: 443.6 | Batches: 45
2026/04/18 12:21:11 mlm_training.go:420: 🎓 MLM: Starting epoch 17 with 2829 sentences (Batch Size: 64)
2026/04/18 12:21:33 mlm_training.go:569: ⏳ MLM: Step 720 in progress...
2026/04/18 12:25:02 mlm_training.go:569: ⏳ MLM: Step 730 in progress...
2026/04/18 12:28:31 mlm_training.go:569: ⏳ MLM: Step 740 in progress...
2026/04/18 12:31:42 mlm_training.go:590: 🎓 [MLM] Step 750 | Loss: 5.9498 (smooth: 6.0977) | PPL: 676.1 | LR: 0.003300 | 0.1 steps/s
2026/04/18 12:31:42 mlm_training.go:775: [Intent: social]    🔍 ' [___] intent' → Answer: '[' | Predicted: .(7.0%), ?(3.4%), a(2.7%) ❌
2026/04/18 12:32:02 mlm_training.go:569: ⏳ MLM: Step 750 in progress...
2026/04/18 12:35:33 mlm_training.go:569: ⏳ MLM: Step 760 in progress...
2026/04/18 12:36:39 mlm_training.go:635: 🎓 [MLM] Epoch 17/20 Complete | Avg Loss: 6.1399 | PPL: 464.0 | Batches: 45
2026/04/18 12:36:39 mlm_training.go:420: 🎓 MLM: Starting epoch 18 with 2829 sentences (Batch Size: 64)
2026/04/18 12:38:42 mlm_training.go:569: ⏳ MLM: Step 770 in progress...
2026/04/18 12:42:07 mlm_training.go:569: ⏳ MLM: Step 780 in progress...
2026/04/18 12:45:26 mlm_training.go:569: ⏳ MLM: Step 790 in progress...
2026/04/18 12:48:31 mlm_training.go:590: 🎓 [MLM] Step 800 | Loss: 6.3457 (smooth: 6.1096) | PPL: 653.5 | LR: 0.001279 | 0.1 steps/s
2026/04/18 12:48:31 mlm_training.go:775: [Intent: social]    🔍 'desperately [___] <pad>' → Answer: '.' | Predicted: .(6.6%), ?(3.3%), a(2.5%) ✅
2026/04/18 12:48:52 mlm_training.go:569: ⏳ MLM: Step 800 in progress...
2026/04/18 12:51:43 mlm_training.go:635: 🎓 [MLM] Epoch 18/20 Complete | Avg Loss: 6.1133 | PPL: 451.8 | Batches: 45
2026/04/18 12:51:43 mlm_training.go:420: 🎓 MLM: Starting epoch 19 with 2829 sentences (Batch Size: 64)
2026/04/18 12:52:02 mlm_training.go:569: ⏳ MLM: Step 810 in progress...
2026/04/18 12:55:33 mlm_training.go:569: ⏳ MLM: Step 820 in progress...
2026/04/18 12:59:01 mlm_training.go:569: ⏳ MLM: Step 830 in progress...
2026/04/18 13:01:49 mlm_training.go:569: ⏳ MLM: Step 840 in progress...
2026/04/18 13:04:18 mlm_training.go:590: 🎓 [MLM] Step 850 | Loss: 5.9418 (smooth: 6.0736) | PPL: 631.6 | LR: 0.000189 | 0.1 steps/s
2026/04/18 13:04:18 mlm_training.go:775: [Intent: social]    🔍 'there [___] <pad>' → Answer: '!' | Predicted: .(7.0%), ?(3.3%), a(2.7%) ❌
2026/04/18 13:04:35 mlm_training.go:569: ⏳ MLM: Step 850 in progress...
2026/04/18 13:05:26 mlm_training.go:635: 🎓 [MLM] Epoch 19/20 Complete | Avg Loss: 6.0960 | PPL: 444.1 | Batches: 45
2026/04/18 13:05:26 mlm_training.go:420: 🎓 MLM: Starting epoch 20 with 2829 sentences (Batch Size: 64)
2026/04/18 13:07:23 mlm_training.go:569: ⏳ MLM: Step 860 in progress...
2026/04/18 13:10:48 mlm_training.go:569: ⏳ MLM: Step 870 in progress...
2026/04/18 13:14:19 mlm_training.go:569: ⏳ MLM: Step 880 in progress...
2026/04/18 13:17:52 mlm_training.go:569: ⏳ MLM: Step 890 in progress...
2026/04/18 13:21:05 mlm_training.go:590: 🎓 [MLM] Step 900 | Loss: 5.3225 (smooth: 6.1069) | PPL: 613.3 | LR: 0.000000 | 0.1 steps/s
2026/04/18 13:21:05 mlm_training.go:775: [Intent: social]    🔍 '] [___] graphics' → Answer: 'a' | Predicted: .(6.9%), ?(3.4%), a(2.5%) ❌
2026/04/18 13:21:05 mlm_training.go:635: 🎓 [MLM] Epoch 20/20 Complete | Avg Loss: 6.0998 | PPL: 445.8 | Batches: 45
2026/04/18 13:21:05 mlm_training.go:645: 🎓 ═══════════════════════════════════════════════
2026/04/18 13:21:05 mlm_training.go:646: 🎓  MLM Pre-Training Complete (900 steps, 17243.8s)
2026/04/18 13:21:05 mlm_training.go:647: 🎓  Encoder and embeddings now understand word context.
2026/04/18 13:21:05 mlm_training.go:648: 🎓 ═══════════════════════════════════════════════
