🚀 Starting High-Performance MoE Training Pipeline...
📍 Backend: OpenCL (via goffi)
📍 Accelerator: Pure-Go SIMD + goffi Dispatch (CGO_ENABLED=0)
✅ Build Successful. Launching training...
2026/04/18 07:26:54 chat.go:1782: 🎭 Starting SOCIAL-ONLY Chat Training (human_chat.txt only)
2026/04/18 07:26:54 chat.go:1816: 📊 Loaded 1735 social conversation pairs from human_chat.txt
2026/04/18 07:26:54 vocab.go:54: NewVocabulary: Initial size after adding <pad> and UNK: 2
2026/04/18 07:26:54 chat.go:1843: 📐 Pre-computed final vocab size: 4080
2026/04/18 07:26:54 chat.go:1851: 📥 Resuming training: Loading existing social model from data/models/gob_models/moe_social_model.gob
2026/04/18 07:26:55 chat.go:1897: 📂 Data: 1561 training, 174 validation
2026/04/18 07:26:55 chat.go:1935: 🔤 Using existing model vocabulary: 4080 tokens
2026/04/18 07:26:55 chat.go:1944: 🔤 Vocabulary State: 4080 tokens (BOS=2, EOS=3, PAD=0)
2026/04/18 07:26:55 chat.go:1955: 🎭 Training social model for 60 epochs at peak LR=0.000010
2026/04/18 07:26:55 mlm_training.go:824: 📝 Extracted 2835 unique sentences for MLM pre-training
2026/04/18 07:26:55 mlm_training.go:362: 🎓 ═══════════════════════════════════════════════
2026/04/18 07:26:55 mlm_training.go:363: 🎓  PHASE 0: Masked Language Model Pre-Training
2026/04/18 07:26:55 mlm_training.go:364: 🎓  Teaching grammar through word prediction...
2026/04/18 07:26:55 mlm_training.go:365: 🎓 ═══════════════════════════════════════════════
2026/04/18 07:26:55 mlm_training.go:420: 🎓 MLM: Starting epoch 1 with 2835 sentences (Batch Size: 64)
2026/04/18 07:26:55 mlm_training.go:432: 🚀 MLM: First batch loaded (SeqLen: 32). Starting forward pass...
🔍 Goffi: Initializing OpenBLAS...
✅ Goffi: Loaded OpenBLAS from libopenblas.so
✅ Goffi: Found cblas_sgemm symbol.
✅ Goffi: SGEMM Call Interface prepared.
2026/04/18 07:27:07 mlm_training.go:567: ✅ MLM: First batch update complete. Convergence started.
⚠️ GoffiMatMul Warning: Result is exactly zero despite non-zero inputs (M=2048, N=256, K=4080)
⚠️ GoffiMatMul Warning: Result is exactly zero despite non-zero inputs (M=2048, N=256, K=4080)
⚠️ GoffiMatMul Warning: Result is exactly zero despite non-zero inputs (M=2048, N=256, K=256)
⚠️ GoffiMatMul Warning: Result is exactly zero despite non-zero inputs (M=2048, N=256, K=4080)
⚠️ GoffiMatMul Warning: Result is exactly zero despite non-zero inputs (M=2048, N=256, K=256)
⚠️ GoffiMatMul Warning: Result is exactly zero despite non-zero inputs (M=2048, N=256, K=4080)
⚠️ GoffiMatMul Warning: Result is exactly zero despite non-zero inputs (M=2048, N=256, K=256)
⚠️ GoffiMatMul Warning: Result is exactly zero despite non-zero inputs (M=2048, N=256, K=4080)
⚠️ GoffiMatMul Warning: Result is exactly zero despite non-zero inputs (M=2048, N=256, K=256)
⚠️ GoffiMatMul Warning: Result is exactly zero despite non-zero inputs (M=2048, N=256, K=4080)
⚠️ GoffiMatMul Warning: Result is exactly zero despite non-zero inputs (M=2048, N=256, K=256)
⚠️ GoffiMatMul Warning: Result is exactly zero despite non-zero inputs (M=2048, N=256, K=4080)
⚠️ GoffiMatMul Warning: Result is exactly zero despite non-zero inputs (M=2048, N=256, K=256)
2026/04/18 07:28:59 mlm_training.go:569: ⏳ MLM: Step 10 in progress...
⚠️ GoffiMatMul Warning: Result is exactly zero despite non-zero inputs (M=2048, N=256, K=4080)
⚠️ GoffiMatMul Warning: Result is exactly zero despite non-zero inputs (M=2048, N=256, K=256)
⚠️ GoffiMatMul Warning: Result is exactly zero despite non-zero inputs (M=2048, N=256, K=4080)
⚠️ GoffiMatMul Warning: Result is exactly zero despite non-zero inputs (M=2048, N=256, K=256)
⚠️ GoffiMatMul Warning: Result is exactly zero despite non-zero inputs (M=2048, N=256, K=4080)
⚠️ GoffiMatMul Warning: Result is exactly zero despite non-zero inputs (M=2048, N=256, K=256)
⚠️ GoffiMatMul Warning: Result is exactly zero despite non-zero inputs (M=2048, N=256, K=4080)
⚠️ GoffiMatMul Warning: Result is exactly zero despite non-zero inputs (M=2048, N=256, K=256)
⚠️ GoffiMatMul Warning: Result is exactly zero despite non-zero inputs (M=2048, N=256, K=4080)
⚠️ GoffiMatMul Warning: Result is exactly zero despite non-zero inputs (M=2048, N=256, K=4080)
⚠️ GoffiMatMul Warning: Result is exactly zero despite non-zero inputs (M=2048, N=256, K=256)
⚠️ GoffiMatMul Warning: Result is exactly zero despite non-zero inputs (M=2048, N=256, K=4080)
⚠️ GoffiMatMul Warning: Result is exactly zero despite non-zero inputs (M=2048, N=256, K=256)
⚠️ GoffiMatMul Warning: Result is exactly zero despite non-zero inputs (M=2048, N=256, K=4080)
⚠️ GoffiMatMul Warning: Result is exactly zero despite non-zero inputs (M=2048, N=256, K=4080)
⚠️ GoffiMatMul Warning: Result is exactly zero despite non-zero inputs (M=2048, N=256, K=256)
2026/04/18 07:30:51 mlm_training.go:569: ⏳ MLM: Step 20 in progress...
⚠️ GoffiMatMul Warning: Result is exactly zero despite non-zero inputs (M=2048, N=256, K=4080)
⚠️ GoffiMatMul Warning: Result is exactly zero despite non-zero inputs (M=2048, N=256, K=256)
⚠️ GoffiMatMul Warning: Result is exactly zero despite non-zero inputs (M=2048, N=256, K=4080)
⚠️ GoffiMatMul Warning: Result is exactly zero despite non-zero inputs (M=2048, N=256, K=256)
⚠️ GoffiMatMul Warning: Result is exactly zero despite non-zero inputs (M=2048, N=256, K=4080)
⚠️ GoffiMatMul Warning: Result is exactly zero despite non-zero inputs (M=2048, N=256, K=256)
⚠️ GoffiMatMul Warning: Result is exactly zero despite non-zero inputs (M=2048, N=256, K=4080)
⚠️ GoffiMatMul Warning: Result is exactly zero despite non-zero inputs (M=2048, N=256, K=4080)
⚠️ GoffiMatMul Warning: Result is exactly zero despite non-zero inputs (M=2048, N=256, K=256)
⚠️ GoffiMatMul Warning: Result is exactly zero despite non-zero inputs (M=2048, N=256, K=4080)
⚠️ GoffiMatMul Warning: Result is exactly zero despite non-zero inputs (M=2048, N=256, K=256)
⚠️ GoffiMatMul Warning: Result is exactly zero despite non-zero inputs (M=2048, N=256, K=4080)
⚠️ GoffiMatMul Warning: Result is exactly zero despite non-zero inputs (M=2048, N=256, K=4080)
⚠️ GoffiMatMul Warning: Result is exactly zero despite non-zero inputs (M=2048, N=256, K=256)
⚠️ GoffiMatMul Warning: Result is exactly zero despite non-zero inputs (M=2048, N=256, K=4080)
⚠️ GoffiMatMul Warning: Result is exactly zero despite non-zero inputs (M=2048, N=256, K=256)
⚠️ GoffiMatMul Warning: Result is exactly zero despite non-zero inputs (M=2048, N=256, K=4080)
⚠️ GoffiMatMul Warning: Result is exactly zero despite non-zero inputs (M=2048, N=256, K=256)
2026/04/18 07:32:43 mlm_training.go:569: ⏳ MLM: Step 30 in progress...
⚠️ GoffiMatMul Warning: Result is exactly zero despite non-zero inputs (M=2048, N=256, K=4080)
⚠️ GoffiMatMul Warning: Result is exactly zero despite non-zero inputs (M=2048, N=256, K=256)
⚠️ GoffiMatMul Warning: Result is exactly zero despite non-zero inputs (M=2048, N=256, K=4080)
⚠️ GoffiMatMul Warning: Result is exactly zero despite non-zero inputs (M=2048, N=256, K=256)
⚠️ GoffiMatMul Warning: Result is exactly zero despite non-zero inputs (M=2048, N=256, K=4080)
⚠️ GoffiMatMul Warning: Result is exactly zero despite non-zero inputs (M=2048, N=256, K=4080)
⚠️ GoffiMatMul Warning: Result is exactly zero despite non-zero inputs (M=2048, N=256, K=256)
⚠️ GoffiMatMul Warning: Result is exactly zero despite non-zero inputs (M=2048, N=256, K=4080)
⚠️ GoffiMatMul Warning: Result is exactly zero despite non-zero inputs (M=2048, N=256, K=256)
⚠️ GoffiMatMul Warning: Result is exactly zero despite non-zero inputs (M=2048, N=256, K=4080)
⚠️ GoffiMatMul Warning: Result is exactly zero despite non-zero inputs (M=2048, N=256, K=256)
⚠️ GoffiMatMul Warning: Result is exactly zero despite non-zero inputs (M=2048, N=256, K=4080)
⚠️ GoffiMatMul Warning: Result is exactly zero despite non-zero inputs (M=2048, N=256, K=256)
⚠️ GoffiMatMul Warning: Result is exactly zero despite non-zero inputs (M=2048, N=256, K=4080)
⚠️ GoffiMatMul Warning: Result is exactly zero despite non-zero inputs (M=2048, N=256, K=256)
⚠️ GoffiMatMul Warning: Result is exactly zero despite non-zero inputs (M=2048, N=256, K=4080)
⚠️ GoffiMatMul Warning: Result is exactly zero despite non-zero inputs (M=2048, N=256, K=256)
⚠️ GoffiMatMul Warning: Result is exactly zero despite non-zero inputs (M=2048, N=256, K=4080)
⚠️ GoffiMatMul Warning: Result is exactly zero despite non-zero inputs (M=2048, N=256, K=256)
2026/04/18 07:34:37 mlm_training.go:569: ⏳ MLM: Step 40 in progress...
⚠️ GoffiMatMul Warning: Result is exactly zero despite non-zero inputs (M=2048, N=256, K=4080)
⚠️ GoffiMatMul Warning: Result is exactly zero despite non-zero inputs (M=2048, N=256, K=256)
⚠️ GoffiMatMul Warning: Result is exactly zero despite non-zero inputs (M=2048, N=256, K=4080)
⚠️ GoffiMatMul Warning: Result is exactly zero despite non-zero inputs (M=2048, N=256, K=256)
⚠️ GoffiMatMul Warning: Result is exactly zero despite non-zero inputs (M=608, N=256, K=4080)
⚠️ GoffiMatMul Warning: Result is exactly zero despite non-zero inputs (M=608, N=256, K=256)
2026/04/18 07:35:14 mlm_training.go:635: 🎓 [MLM] Epoch 1/20 Complete | Avg Loss: 7.6527 | PPL: 2106.4 | Batches: 45
2026/04/18 07:35:14 mlm_training.go:420: 🎓 MLM: Starting epoch 2 with 2835 sentences (Batch Size: 64)
⚠️ GoffiMatMul Warning: Result is exactly zero despite non-zero inputs (M=2048, N=256, K=4080)
⚠️ GoffiMatMul Warning: Result is exactly zero despite non-zero inputs (M=2048, N=256, K=4080)
⚠️ GoffiMatMul Warning: Result is exactly zero despite non-zero inputs (M=2048, N=256, K=256)
⚠️ GoffiMatMul Warning: Result is exactly zero despite non-zero inputs (M=2048, N=256, K=4080)
⚠️ GoffiMatMul Warning: Result is exactly zero despite non-zero inputs (M=2048, N=256, K=256)
⚠️ GoffiMatMul Warning: Result is exactly zero despite non-zero inputs (M=2048, N=256, K=4080)
⚠️ GoffiMatMul Warning: Result is exactly zero despite non-zero inputs (M=2048, N=256, K=256)
⚠️ GoffiMatMul Warning: Result is exactly zero despite non-zero inputs (M=2048, N=256, K=4080)
⚠️ GoffiMatMul Warning: Result is exactly zero despite non-zero inputs (M=2048, N=256, K=256)
2026/04/18 07:36:12 mlm_training.go:590: 🎓 [MLM] Step 50 | Loss: 6.4557 (smooth: 6.9374) | PPL: 1030.1 | LR: 0.002784 | 0.1 steps/s
2026/04/18 07:36:12 mlm_training.go:775: [Intent: social]    🔍 'use [___] ' → Answer: 'html' | Predicted: .(5.0%), ?(1.5%), !(1.2%) ❌
⚠️ GoffiMatMul Warning: Result is exactly zero despite non-zero inputs (M=2048, N=256, K=4080)
⚠️ GoffiMatMul Warning: Result is exactly zero despite non-zero inputs (M=2048, N=256, K=256)
2026/04/18 07:36:23 mlm_training.go:569: ⏳ MLM: Step 50 in progress...
⚠️ GoffiMatMul Warning: Result is exactly zero despite non-zero inputs (M=2048, N=256, K=4080)
⚠️ GoffiMatMul Warning: Result is exactly zero despite non-zero inputs (M=2048, N=256, K=256)
⚠️ GoffiMatMul Warning: Result is exactly zero despite non-zero inputs (M=2048, N=256, K=4080)
⚠️ GoffiMatMul Warning: Result is exactly zero despite non-zero inputs (M=2048, N=256, K=256)
⚠️ GoffiMatMul Warning: Result is exactly zero despite non-zero inputs (M=2048, N=256, K=4080)
⚠️ GoffiMatMul Warning: Result is exactly zero despite non-zero inputs (M=2048, N=256, K=256)
⚠️ GoffiMatMul Warning: Result is exactly zero despite non-zero inputs (M=2048, N=256, K=4080)
⚠️ GoffiMatMul Warning: Result is exactly zero despite non-zero inputs (M=2048, N=256, K=256)
⚠️ GoffiMatMul Warning: Result is exactly zero despite non-zero inputs (M=2048, N=256, K=4080)
⚠️ GoffiMatMul Warning: Result is exactly zero despite non-zero inputs (M=2048, N=256, K=256)
⚠️ GoffiMatMul Warning: Result is exactly zero despite non-zero inputs (M=2048, N=256, K=4080)
⚠️ GoffiMatMul Warning: Result is exactly zero despite non-zero inputs (M=2048, N=256, K=256)
⚠️ GoffiMatMul Warning: Result is exactly zero despite non-zero inputs (M=2048, N=256, K=4080)
⚠️ GoffiMatMul Warning: Result is exactly zero despite non-zero inputs (M=2048, N=256, K=256)
⚠️ GoffiMatMul Warning: Result is exactly zero despite non-zero inputs (M=2048, N=256, K=4080)
2026/04/18 07:38:18 mlm_training.go:569: ⏳ MLM: Step 60 in progress...
⚠️ GoffiMatMul Warning: Result is exactly zero despite non-zero inputs (M=2048, N=256, K=4080)
⚠️ GoffiMatMul Warning: Result is exactly zero despite non-zero inputs (M=2048, N=256, K=4080)
⚠️ GoffiMatMul Warning: Result is exactly zero despite non-zero inputs (M=2048, N=256, K=256)
⚠️ GoffiMatMul Warning: Result is exactly zero despite non-zero inputs (M=2048, N=256, K=4080)
⚠️ GoffiMatMul Warning: Result is exactly zero despite non-zero inputs (M=2048, N=256, K=256)
⚠️ GoffiMatMul Warning: Result is exactly zero despite non-zero inputs (M=2048, N=256, K=4080)
⚠️ GoffiMatMul Warning: Result is exactly zero despite non-zero inputs (M=2048, N=256, K=4080)
⚠️ GoffiMatMul Warning: Result is exactly zero despite non-zero inputs (M=2048, N=256, K=256)
⚠️ GoffiMatMul Warning: Result is exactly zero despite non-zero inputs (M=2048, N=256, K=4080)
⚠️ GoffiMatMul Warning: Result is exactly zero despite non-zero inputs (M=2048, N=256, K=256)
2026/04/18 07:40:14 mlm_training.go:569: ⏳ MLM: Step 70 in progress...
⚠️ GoffiMatMul Warning: Result is exactly zero despite non-zero inputs (M=2048, N=256, K=4080)
⚠️ GoffiMatMul Warning: Result is exactly zero despite non-zero inputs (M=2048, N=256, K=256)
⚠️ GoffiMatMul Warning: Result is exactly zero despite non-zero inputs (M=2048, N=256, K=4080)
⚠️ GoffiMatMul Warning: Result is exactly zero despite non-zero inputs (M=2048, N=256, K=256)
⚠️ GoffiMatMul Warning: Result is exactly zero despite non-zero inputs (M=2048, N=256, K=4080)
⚠️ GoffiMatMul Warning: Result is exactly zero despite non-zero inputs (M=2048, N=256, K=256)
⚠️ GoffiMatMul Warning: Result is exactly zero despite non-zero inputs (M=2048, N=256, K=4080)
⚠️ GoffiMatMul Warning: Result is exactly zero despite non-zero inputs (M=2048, N=256, K=256)
⚠️ GoffiMatMul Warning: Result is exactly zero despite non-zero inputs (M=2048, N=256, K=4080)
⚠️ GoffiMatMul Warning: Result is exactly zero despite non-zero inputs (M=2048, N=256, K=256)
⚠️ GoffiMatMul Warning: Result is exactly zero despite non-zero inputs (M=2048, N=256, K=4080)
⚠️ GoffiMatMul Warning: Result is exactly zero despite non-zero inputs (M=2048, N=256, K=256)
⚠️ GoffiMatMul Warning: Result is exactly zero despite non-zero inputs (M=2048, N=256, K=4080)
⚠️ GoffiMatMul Warning: Result is exactly zero despite non-zero inputs (M=2048, N=256, K=256)
⚠️ GoffiMatMul Warning: Result is exactly zero despite non-zero inputs (M=2048, N=256, K=4080)
⚠️ GoffiMatMul Warning: Result is exactly zero despite non-zero inputs (M=2048, N=256, K=256)
⚠️ GoffiMatMul Warning: Result is exactly zero despite non-zero inputs (M=2048, N=256, K=4080)
⚠️ GoffiMatMul Warning: Result is exactly zero despite non-zero inputs (M=2048, N=256, K=256)
⚠️ GoffiMatMul Warning: Result is exactly zero despite non-zero inputs (M=2048, N=256, K=4080)
2026/04/18 07:42:09 mlm_training.go:569: ⏳ MLM: Step 80 in progress...
⚠️ GoffiMatMul Warning: Result is exactly zero despite non-zero inputs (M=2048, N=256, K=4080)
⚠️ GoffiMatMul Warning: Result is exactly zero despite non-zero inputs (M=2048, N=256, K=256)
⚠️ GoffiMatMul Warning: Result is exactly zero despite non-zero inputs (M=2048, N=256, K=4080)
⚠️ GoffiMatMul Warning: Result is exactly zero despite non-zero inputs (M=2048, N=256, K=256)
⚠️ GoffiMatMul Warning: Result is exactly zero despite non-zero inputs (M=2048, N=256, K=4080)
⚠️ GoffiMatMul Warning: Result is exactly zero despite non-zero inputs (M=2048, N=256, K=256)
⚠️ GoffiMatMul Warning: Result is exactly zero despite non-zero inputs (M=2048, N=256, K=4080)
⚠️ GoffiMatMul Warning: Result is exactly zero despite non-zero inputs (M=2048, N=256, K=256)
⚠️ GoffiMatMul Warning: Result is exactly zero despite non-zero inputs (M=2048, N=256, K=4080)
⚠️ GoffiMatMul Warning: Result is exactly zero despite non-zero inputs (M=2048, N=256, K=4080)
⚠️ GoffiMatMul Warning: Result is exactly zero despite non-zero inputs (M=2048, N=256, K=256)
⚠️ GoffiMatMul Warning: Result is exactly zero despite non-zero inputs (M=2048, N=256, K=4080)
⚠️ GoffiMatMul Warning: Result is exactly zero despite non-zero inputs (M=2048, N=256, K=256)
⚠️ GoffiMatMul Warning: Result is exactly zero despite non-zero inputs (M=2048, N=256, K=4080)
⚠️ GoffiMatMul Warning: Result is exactly zero despite non-zero inputs (M=2048, N=256, K=256)
⚠️ GoffiMatMul Warning: Result is exactly zero despite non-zero inputs (M=570, N=256, K=4080)
⚠️ GoffiMatMul Warning: Result is exactly zero despite non-zero inputs (M=570, N=256, K=256)
2026/04/18 07:43:43 mlm_training.go:635: 🎓 [MLM] Epoch 2/20 Complete | Avg Loss: 6.5514 | PPL: 700.3 | Batches: 45
2026/04/18 07:43:43 mlm_training.go:420: 🎓 MLM: Starting epoch 3 with 2835 sentences (Batch Size: 64)
⚠️ GoffiMatMul Warning: Result is exactly zero despite non-zero inputs (M=2048, N=256, K=4080)
⚠️ GoffiMatMul Warning: Result is exactly zero despite non-zero inputs (M=2048, N=256, K=256)
2026/04/18 07:43:54 mlm_training.go:569: ⏳ MLM: Step 90 in progress...
⚠️ GoffiMatMul Warning: Result is exactly zero despite non-zero inputs (M=2048, N=256, K=4080)
⚠️ GoffiMatMul Warning: Result is exactly zero despite non-zero inputs (M=2048, N=256, K=256)
⚠️ GoffiMatMul Warning: Result is exactly zero despite non-zero inputs (M=2048, N=256, K=4080)
⚠️ GoffiMatMul Warning: Result is exactly zero despite non-zero inputs (M=2048, N=256, K=256)
⚠️ GoffiMatMul Warning: Result is exactly zero despite non-zero inputs (M=2048, N=256, K=4080)
⚠️ GoffiMatMul Warning: Result is exactly zero despite non-zero inputs (M=2048, N=256, K=256)
⚠️ GoffiMatMul Warning: Result is exactly zero despite non-zero inputs (M=2048, N=256, K=4080)
⚠️ GoffiMatMul Warning: Result is exactly zero despite non-zero inputs (M=2048, N=256, K=256)
⚠️ GoffiMatMul Warning: Result is exactly zero despite non-zero inputs (M=2048, N=256, K=4080)
⚠️ GoffiMatMul Warning: Result is exactly zero despite non-zero inputs (M=2048, N=256, K=256)
⚠️ GoffiMatMul Warning: Result is exactly zero despite non-zero inputs (M=1984, N=256, K=4080)
⚠️ GoffiMatMul Warning: Result is exactly zero despite non-zero inputs (M=1984, N=256, K=256)
⚠️ GoffiMatMul Warning: Result is exactly zero despite non-zero inputs (M=2048, N=256, K=4080)
⚠️ GoffiMatMul Warning: Result is exactly zero despite non-zero inputs (M=2048, N=256, K=256)
⚠️ GoffiMatMul Warning: Result is exactly zero despite non-zero inputs (M=2048, N=256, K=4080)
⚠️ GoffiMatMul Warning: Result is exactly zero despite non-zero inputs (M=2048, N=256, K=256)
2026/04/18 07:45:38 mlm_training.go:590: 🎓 [MLM] Step 100 | Loss: 6.3455 (smooth: 6.4053) | PPL: 987.6 | LR: 0.004998 | 0.1 steps/s
2026/04/18 07:45:38 mlm_training.go:775: [Intent: social]    🔍 'articulate [___] <pad>' → Answer: '.' | Predicted: .(6.4%), a(4.0%), ?(2.6%) ✅
⚠️ GoffiMatMul Warning: Result is exactly zero despite non-zero inputs (M=2048, N=256, K=4080)
⚠️ GoffiMatMul Warning: Result is exactly zero despite non-zero inputs (M=2048, N=256, K=256)
2026/04/18 07:45:50 mlm_training.go:569: ⏳ MLM: Step 100 in progress...
⚠️ GoffiMatMul Warning: Result is exactly zero despite non-zero inputs (M=2048, N=256, K=4080)
⚠️ GoffiMatMul Warning: Result is exactly zero despite non-zero inputs (M=2048, N=256, K=256)
⚠️ GoffiMatMul Warning: Result is exactly zero despite non-zero inputs (M=2048, N=256, K=4080)
⚠️ GoffiMatMul Warning: Result is exactly zero despite non-zero inputs (M=2048, N=256, K=4080)
⚠️ GoffiMatMul Warning: Result is exactly zero despite non-zero inputs (M=2048, N=256, K=256)
⚠️ GoffiMatMul Warning: Result is exactly zero despite non-zero inputs (M=2048, N=256, K=4080)
⚠️ GoffiMatMul Warning: Result is exactly zero despite non-zero inputs (M=2048, N=256, K=256)
⚠️ GoffiMatMul Warning: Result is exactly zero despite non-zero inputs (M=2048, N=256, K=4080)
⚠️ GoffiMatMul Warning: Result is exactly zero despite non-zero inputs (M=2048, N=256, K=256)
⚠️ GoffiMatMul Warning: Result is exactly zero despite non-zero inputs (M=2048, N=256, K=4080)
⚠️ GoffiMatMul Warning: Result is exactly zero despite non-zero inputs (M=2048, N=256, K=256)
⚠️ GoffiMatMul Warning: Result is exactly zero despite non-zero inputs (M=2048, N=256, K=4080)
⚠️ GoffiMatMul Warning: Result is exactly zero despite non-zero inputs (M=2048, N=256, K=256)
⚠️ GoffiMatMul Warning: Result is exactly zero despite non-zero inputs (M=2048, N=256, K=4080)
⚠️ GoffiMatMul Warning: Result is exactly zero despite non-zero inputs (M=2048, N=256, K=256)
2026/04/18 07:47:46 mlm_training.go:569: ⏳ MLM: Step 110 in progress...
⚠️ GoffiMatMul Warning: Result is exactly zero despite non-zero inputs (M=2048, N=256, K=4080)
⚠️ GoffiMatMul Warning: Result is exactly zero despite non-zero inputs (M=2048, N=256, K=256)
⚠️ GoffiMatMul Warning: Result is exactly zero despite non-zero inputs (M=2048, N=256, K=4080)
⚠️ GoffiMatMul Warning: Result is exactly zero despite non-zero inputs (M=2048, N=256, K=256)
⚠️ GoffiMatMul Warning: Result is exactly zero despite non-zero inputs (M=2048, N=256, K=4080)
⚠️ GoffiMatMul Warning: Result is exactly zero despite non-zero inputs (M=2048, N=256, K=256)
⚠️ GoffiMatMul Warning: Result is exactly zero despite non-zero inputs (M=2048, N=256, K=4080)
⚠️ GoffiMatMul Warning: Result is exactly zero despite non-zero inputs (M=2048, N=256, K=256)
⚠️ GoffiMatMul Warning: Result is exactly zero despite non-zero inputs (M=2048, N=256, K=4080)
⚠️ GoffiMatMul Warning: Result is exactly zero despite non-zero inputs (M=2048, N=256, K=256)
⚠️ GoffiMatMul Warning: Result is exactly zero despite non-zero inputs (M=2048, N=256, K=4080)
⚠️ GoffiMatMul Warning: Result is exactly zero despite non-zero inputs (M=2048, N=256, K=256)
⚠️ GoffiMatMul Warning: Result is exactly zero despite non-zero inputs (M=2048, N=256, K=4080)
⚠️ GoffiMatMul Warning: Result is exactly zero despite non-zero inputs (M=2048, N=256, K=256)
⚠️ GoffiMatMul Warning: Result is exactly zero despite non-zero inputs (M=2048, N=256, K=4080)
⚠️ GoffiMatMul Warning: Result is exactly zero despite non-zero inputs (M=2048, N=256, K=256)
⚠️ GoffiMatMul Warning: Result is exactly zero despite non-zero inputs (M=2048, N=256, K=4080)
⚠️ GoffiMatMul Warning: Result is exactly zero despite non-zero inputs (M=2048, N=256, K=256)
2026/04/18 07:49:40 mlm_training.go:569: ⏳ MLM: Step 120 in progress...
⚠️ GoffiMatMul Warning: Result is exactly zero despite non-zero inputs (M=2048, N=256, K=4080)
⚠️ GoffiMatMul Warning: Result is exactly zero despite non-zero inputs (M=2048, N=256, K=256)
⚠️ GoffiMatMul Warning: Result is exactly zero despite non-zero inputs (M=2048, N=256, K=4080)
⚠️ GoffiMatMul Warning: Result is exactly zero despite non-zero inputs (M=2048, N=256, K=256)
⚠️ GoffiMatMul Warning: Result is exactly zero despite non-zero inputs (M=2048, N=256, K=4080)
⚠️ GoffiMatMul Warning: Result is exactly zero despite non-zero inputs (M=2048, N=256, K=256)
⚠️ GoffiMatMul Warning: Result is exactly zero despite non-zero inputs (M=2048, N=256, K=4080)
⚠️ GoffiMatMul Warning: Result is exactly zero despite non-zero inputs (M=2048, N=256, K=256)
⚠️ GoffiMatMul Warning: Result is exactly zero despite non-zero inputs (M=2048, N=256, K=4080)
⚠️ GoffiMatMul Warning: Result is exactly zero despite non-zero inputs (M=1664, N=256, K=4080)
⚠️ GoffiMatMul Warning: Result is exactly zero despite non-zero inputs (M=1664, N=256, K=256)
⚠️ GoffiMatMul Warning: Result is exactly zero despite non-zero inputs (M=2048, N=256, K=4080)
⚠️ GoffiMatMul Warning: Result is exactly zero despite non-zero inputs (M=2048, N=256, K=256)
⚠️ GoffiMatMul Warning: Result is exactly zero despite non-zero inputs (M=2048, N=256, K=4080)
⚠️ GoffiMatMul Warning: Result is exactly zero despite non-zero inputs (M=2048, N=256, K=256)
⚠️ GoffiMatMul Warning: Result is exactly zero despite non-zero inputs (M=2048, N=256, K=4080)
⚠️ GoffiMatMul Warning: Result is exactly zero despite non-zero inputs (M=2048, N=256, K=256)
2026/04/18 07:51:33 mlm_training.go:569: ⏳ MLM: Step 130 in progress...
⚠️ GoffiMatMul Warning: Result is exactly zero despite non-zero inputs (M=2048, N=256, K=4080)
⚠️ GoffiMatMul Warning: Result is exactly zero despite non-zero inputs (M=2048, N=256, K=4080)
⚠️ GoffiMatMul Warning: Result is exactly zero despite non-zero inputs (M=2048, N=256, K=256)
⚠️ GoffiMatMul Warning: Result is exactly zero despite non-zero inputs (M=608, N=256, K=4080)
⚠️ GoffiMatMul Warning: Result is exactly zero despite non-zero inputs (M=608, N=256, K=256)
2026/04/18 07:52:10 mlm_training.go:635: 🎓 [MLM] Epoch 3/20 Complete | Avg Loss: 6.4182 | PPL: 612.9 | Batches: 45
2026/04/18 07:52:10 mlm_training.go:420: 🎓 MLM: Starting epoch 4 with 2835 sentences (Batch Size: 64)
⚠️ GoffiMatMul Warning: Result is exactly zero despite non-zero inputs (M=2048, N=256, K=4080)
⚠️ GoffiMatMul Warning: Result is exactly zero despite non-zero inputs (M=2048, N=256, K=4080)
⚠️ GoffiMatMul Warning: Result is exactly zero despite non-zero inputs (M=2048, N=256, K=256)
⚠️ GoffiMatMul Warning: Result is exactly zero despite non-zero inputs (M=2048, N=256, K=4080)
⚠️ GoffiMatMul Warning: Result is exactly zero despite non-zero inputs (M=2048, N=256, K=256)
⚠️ GoffiMatMul Warning: Result is exactly zero despite non-zero inputs (M=2048, N=256, K=4080)
⚠️ GoffiMatMul Warning: Result is exactly zero despite non-zero inputs (M=2048, N=256, K=256)
⚠️ GoffiMatMul Warning: Result is exactly zero despite non-zero inputs (M=2048, N=256, K=4080)
2026/04/18 07:53:20 mlm_training.go:569: ⏳ MLM: Step 140 in progress...
⚠️ GoffiMatMul Warning: Result is exactly zero despite non-zero inputs (M=2048, N=256, K=4080)
⚠️ GoffiMatMul Warning: Result is exactly zero despite non-zero inputs (M=2048, N=256, K=256)
⚠️ GoffiMatMul Warning: Result is exactly zero despite non-zero inputs (M=2048, N=256, K=4080)
⚠️ GoffiMatMul Warning: Result is exactly zero despite non-zero inputs (M=2048, N=256, K=256)
⚠️ GoffiMatMul Warning: Result is exactly zero despite non-zero inputs (M=2048, N=256, K=4080)
⚠️ GoffiMatMul Warning: Result is exactly zero despite non-zero inputs (M=2048, N=256, K=256)
⚠️ GoffiMatMul Warning: Result is exactly zero despite non-zero inputs (M=2048, N=256, K=4080)
⚠️ GoffiMatMul Warning: Result is exactly zero despite non-zero inputs (M=2048, N=256, K=256)
⚠️ GoffiMatMul Warning: Result is exactly zero despite non-zero inputs (M=2048, N=256, K=4080)
⚠️ GoffiMatMul Warning: Result is exactly zero despite non-zero inputs (M=2048, N=256, K=256)
⚠️ GoffiMatMul Warning: Result is exactly zero despite non-zero inputs (M=2048, N=256, K=4080)
⚠️ GoffiMatMul Warning: Result is exactly zero despite non-zero inputs (M=2048, N=256, K=4080)
⚠️ GoffiMatMul Warning: Result is exactly zero despite non-zero inputs (M=2048, N=256, K=256)
⚠️ GoffiMatMul Warning: Result is exactly zero despite non-zero inputs (M=2048, N=256, K=4080)
⚠️ GoffiMatMul Warning: Result is exactly zero despite non-zero inputs (M=2048, N=256, K=256)
⚠️ GoffiMatMul Warning: Result is exactly zero despite non-zero inputs (M=2048, N=256, K=4080)
⚠️ GoffiMatMul Warning: Result is exactly zero despite non-zero inputs (M=2048, N=256, K=256)
2026/04/18 07:55:04 mlm_training.go:590: 🎓 [MLM] Step 150 | Loss: 6.0799 (smooth: 6.4225) | PPL: 950.4 | LR: 0.004927 | 0.1 steps/s
2026/04/18 07:55:04 mlm_training.go:775: [Intent: social]    🔍 'tight [___] <pad>' → Answer: '?' | Predicted: ?(3.2%), a(3.1%), .(2.6%) ✅
⚠️ GoffiMatMul Warning: Result is exactly zero despite non-zero inputs (M=2048, N=256, K=4080)
⚠️ GoffiMatMul Warning: Result is exactly zero despite non-zero inputs (M=2048, N=256, K=256)
2026/04/18 07:55:16 mlm_training.go:569: ⏳ MLM: Step 150 in progress...
⚠️ GoffiMatMul Warning: Result is exactly zero despite non-zero inputs (M=2048, N=256, K=4080)
⚠️ GoffiMatMul Warning: Result is exactly zero despite non-zero inputs (M=2048, N=256, K=256)
⚠️ GoffiMatMul Warning: Result is exactly zero despite non-zero inputs (M=2048, N=256, K=4080)
⚠️ GoffiMatMul Warning: Result is exactly zero despite non-zero inputs (M=2048, N=256, K=256)
⚠️ GoffiMatMul Warning: Result is exactly zero despite non-zero inputs (M=2048, N=256, K=4080)
⚠️ GoffiMatMul Warning: Result is exactly zero despite non-zero inputs (M=2048, N=256, K=256)
⚠️ GoffiMatMul Warning: Result is exactly zero despite non-zero inputs (M=2048, N=256, K=4080)
⚠️ GoffiMatMul Warning: Result is exactly zero despite non-zero inputs (M=2048, N=256, K=256)
⚠️ GoffiMatMul Warning: Result is exactly zero despite non-zero inputs (M=2048, N=256, K=4080)
⚠️ GoffiMatMul Warning: Result is exactly zero despite non-zero inputs (M=2048, N=256, K=256)
⚠️ GoffiMatMul Warning: Result is exactly zero despite non-zero inputs (M=2048, N=256, K=4080)
⚠️ GoffiMatMul Warning: Result is exactly zero despite non-zero inputs (M=2048, N=256, K=256)
⚠️ GoffiMatMul Warning: Result is exactly zero despite non-zero inputs (M=2048, N=256, K=4080)
⚠️ GoffiMatMul Warning: Result is exactly zero despite non-zero inputs (M=2048, N=256, K=256)
2026/04/18 07:57:10 mlm_training.go:569: ⏳ MLM: Step 160 in progress...
⚠️ GoffiMatMul Warning: Result is exactly zero despite non-zero inputs (M=2048, N=256, K=4080)
⚠️ GoffiMatMul Warning: Result is exactly zero despite non-zero inputs (M=2048, N=256, K=4080)
⚠️ GoffiMatMul Warning: Result is exactly zero despite non-zero inputs (M=2048, N=256, K=256)
⚠️ GoffiMatMul Warning: Result is exactly zero despite non-zero inputs (M=2048, N=256, K=4080)
⚠️ GoffiMatMul Warning: Result is exactly zero despite non-zero inputs (M=2048, N=256, K=256)
⚠️ GoffiMatMul Warning: Result is exactly zero despite non-zero inputs (M=2048, N=256, K=4080)
⚠️ GoffiMatMul Warning: Result is exactly zero despite non-zero inputs (M=2048, N=256, K=256)
⚠️ GoffiMatMul Warning: Result is exactly zero despite non-zero inputs (M=2048, N=256, K=4080)
⚠️ GoffiMatMul Warning: Result is exactly zero despite non-zero inputs (M=2048, N=256, K=256)
⚠️ GoffiMatMul Warning: Result is exactly zero despite non-zero inputs (M=2048, N=256, K=4080)
⚠️ GoffiMatMul Warning: Result is exactly zero despite non-zero inputs (M=2048, N=256, K=256)
⚠️ GoffiMatMul Warning: Result is exactly zero despite non-zero inputs (M=2048, N=256, K=4080)
⚠️ GoffiMatMul Warning: Result is exactly zero despite non-zero inputs (M=2048, N=256, K=256)
⚠️ GoffiMatMul Warning: Result is exactly zero despite non-zero inputs (M=2048, N=256, K=4080)
2026/04/18 07:59:04 mlm_training.go:569: ⏳ MLM: Step 170 in progress...
⚠️ GoffiMatMul Warning: Result is exactly zero despite non-zero inputs (M=2048, N=256, K=4080)
⚠️ GoffiMatMul Warning: Result is exactly zero despite non-zero inputs (M=2048, N=256, K=4080)
⚠️ GoffiMatMul Warning: Result is exactly zero despite non-zero inputs (M=2048, N=256, K=256)
⚠️ GoffiMatMul Warning: Result is exactly zero despite non-zero inputs (M=2048, N=256, K=4080)
⚠️ GoffiMatMul Warning: Result is exactly zero despite non-zero inputs (M=2048, N=256, K=256)
⚠️ GoffiMatMul Warning: Result is exactly zero despite non-zero inputs (M=2048, N=256, K=4080)
⚠️ GoffiMatMul Warning: Result is exactly zero despite non-zero inputs (M=2048, N=256, K=256)
⚠️ GoffiMatMul Warning: Result is exactly zero despite non-zero inputs (M=2048, N=256, K=4080)
⚠️ GoffiMatMul Warning: Result is exactly zero despite non-zero inputs (M=2048, N=256, K=256)
⚠️ GoffiMatMul Warning: Result is exactly zero despite non-zero inputs (M=2048, N=256, K=4080)
⚠️ GoffiMatMul Warning: Result is exactly zero despite non-zero inputs (M=2048, N=256, K=4080)
⚠️ GoffiMatMul Warning: Result is exactly zero despite non-zero inputs (M=2048, N=256, K=256)
⚠️ GoffiMatMul Warning: Result is exactly zero despite non-zero inputs (M=2048, N=256, K=4080)
⚠️ GoffiMatMul Warning: Result is exactly zero despite non-zero inputs (M=2048, N=256, K=256)
2026/04/18 08:00:38 mlm_training.go:635: 🎓 [MLM] Epoch 4/20 Complete | Avg Loss: 6.3865 | PPL: 593.8 | Batches: 45
2026/04/18 08:00:38 mlm_training.go:420: 🎓 MLM: Starting epoch 5 with 2835 sentences (Batch Size: 64)
⚠️ GoffiMatMul Warning: Result is exactly zero despite non-zero inputs (M=2048, N=256, K=4080)
⚠️ GoffiMatMul Warning: Result is exactly zero despite non-zero inputs (M=2048, N=256, K=256)
2026/04/18 08:00:49 mlm_training.go:569: ⏳ MLM: Step 180 in progress...
⚠️ GoffiMatMul Warning: Result is exactly zero despite non-zero inputs (M=2048, N=256, K=4080)
⚠️ GoffiMatMul Warning: Result is exactly zero despite non-zero inputs (M=2048, N=256, K=256)
⚠️ GoffiMatMul Warning: Result is exactly zero despite non-zero inputs (M=2048, N=256, K=4080)
⚠️ GoffiMatMul Warning: Result is exactly zero despite non-zero inputs (M=2048, N=256, K=256)
⚠️ GoffiMatMul Warning: Result is exactly zero despite non-zero inputs (M=2048, N=256, K=4080)
⚠️ GoffiMatMul Warning: Result is exactly zero despite non-zero inputs (M=2048, N=256, K=256)
⚠️ GoffiMatMul Warning: Result is exactly zero despite non-zero inputs (M=2048, N=256, K=4080)
⚠️ GoffiMatMul Warning: Result is exactly zero despite non-zero inputs (M=2048, N=256, K=4080)
⚠️ GoffiMatMul Warning: Result is exactly zero despite non-zero inputs (M=2048, N=256, K=256)
⚠️ GoffiMatMul Warning: Result is exactly zero despite non-zero inputs (M=2048, N=256, K=4080)
⚠️ GoffiMatMul Warning: Result is exactly zero despite non-zero inputs (M=2048, N=256, K=256)
⚠️ GoffiMatMul Warning: Result is exactly zero despite non-zero inputs (M=2048, N=256, K=4080)
⚠️ GoffiMatMul Warning: Result is exactly zero despite non-zero inputs (M=2048, N=256, K=256)
⚠️ GoffiMatMul Warning: Result is exactly zero despite non-zero inputs (M=2048, N=256, K=4080)
⚠️ GoffiMatMul Warning: Result is exactly zero despite non-zero inputs (M=2048, N=256, K=256)
⚠️ GoffiMatMul Warning: Result is exactly zero despite non-zero inputs (M=2048, N=256, K=4080)
⚠️ GoffiMatMul Warning: Result is exactly zero despite non-zero inputs (M=2048, N=256, K=256)
⚠️ GoffiMatMul Warning: Result is exactly zero despite non-zero inputs (M=2048, N=256, K=4080)
⚠️ GoffiMatMul Warning: Result is exactly zero despite non-zero inputs (M=2048, N=256, K=256)
2026/04/18 08:02:41 mlm_training.go:569: ⏳ MLM: Step 190 in progress...
⚠️ GoffiMatMul Warning: Result is exactly zero despite non-zero inputs (M=2048, N=256, K=4080)
⚠️ GoffiMatMul Warning: Result is exactly zero despite non-zero inputs (M=2048, N=256, K=256)
⚠️ GoffiMatMul Warning: Result is exactly zero despite non-zero inputs (M=2048, N=256, K=4080)
⚠️ GoffiMatMul Warning: Result is exactly zero despite non-zero inputs (M=2048, N=256, K=256)
⚠️ GoffiMatMul Warning: Result is exactly zero despite non-zero inputs (M=2048, N=256, K=4080)
⚠️ GoffiMatMul Warning: Result is exactly zero despite non-zero inputs (M=2048, N=256, K=256)
⚠️ GoffiMatMul Warning: Result is exactly zero despite non-zero inputs (M=2048, N=256, K=4080)
⚠️ GoffiMatMul Warning: Result is exactly zero despite non-zero inputs (M=2048, N=256, K=256)
⚠️ GoffiMatMul Warning: Result is exactly zero despite non-zero inputs (M=2048, N=256, K=4080)
⚠️ GoffiMatMul Warning: Result is exactly zero despite non-zero inputs (M=2048, N=256, K=256)
⚠️ GoffiMatMul Warning: Result is exactly zero despite non-zero inputs (M=2048, N=256, K=4080)
⚠️ GoffiMatMul Warning: Result is exactly zero despite non-zero inputs (M=2048, N=256, K=256)
⚠️ GoffiMatMul Warning: Result is exactly zero despite non-zero inputs (M=2048, N=256, K=4080)
⚠️ GoffiMatMul Warning: Result is exactly zero despite non-zero inputs (M=2048, N=256, K=256)
⚠️ GoffiMatMul Warning: Result is exactly zero despite non-zero inputs (M=2048, N=256, K=4080)
⚠️ GoffiMatMul Warning: Result is exactly zero despite non-zero inputs (M=2048, N=256, K=256)
2026/04/18 08:04:20 mlm_training.go:590: 🎓 [MLM] Step 200 | Loss: 6.1742 (smooth: 6.3065) | PPL: 910.1 | LR: 0.004762 | 0.1 steps/s
2026/04/18 08:04:20 mlm_training.go:775: [Intent: social]    🔍 'social [___] then' → Answer: ']' | Predicted: a(3.7%), .(3.7%), ?(3.4%) ❌
⚠️ GoffiMatMul Warning: Result is exactly zero despite non-zero inputs (M=2048, N=256, K=4080)
⚠️ GoffiMatMul Warning: Result is exactly zero despite non-zero inputs (M=2048, N=256, K=256)
2026/04/18 08:04:31 mlm_training.go:569: ⏳ MLM: Step 200 in progress...
⚠️ GoffiMatMul Warning: Result is exactly zero despite non-zero inputs (M=2048, N=256, K=4080)
⚠️ GoffiMatMul Warning: Result is exactly zero despite non-zero inputs (M=2048, N=256, K=256)
⚠️ GoffiMatMul Warning: Result is exactly zero despite non-zero inputs (M=2048, N=256, K=4080)
⚠️ GoffiMatMul Warning: Result is exactly zero despite non-zero inputs (M=2048, N=256, K=256)
⚠️ GoffiMatMul Warning: Result is exactly zero despite non-zero inputs (M=2048, N=256, K=4080)
⚠️ GoffiMatMul Warning: Result is exactly zero despite non-zero inputs (M=2048, N=256, K=256)
⚠️ GoffiMatMul Warning: Result is exactly zero despite non-zero inputs (M=2048, N=256, K=4080)
⚠️ GoffiMatMul Warning: Result is exactly zero despite non-zero inputs (M=2048, N=256, K=4080)
⚠️ GoffiMatMul Warning: Result is exactly zero despite non-zero inputs (M=2048, N=256, K=256)
⚠️ GoffiMatMul Warning: Result is exactly zero despite non-zero inputs (M=2048, N=256, K=4080)
⚠️ GoffiMatMul Warning: Result is exactly zero despite non-zero inputs (M=2048, N=256, K=256)
⚠️ GoffiMatMul Warning: Result is exactly zero despite non-zero inputs (M=2048, N=256, K=4080)
⚠️ GoffiMatMul Warning: Result is exactly zero despite non-zero inputs (M=2048, N=256, K=256)
⚠️ GoffiMatMul Warning: Result is exactly zero despite non-zero inputs (M=2048, N=256, K=4080)
⚠️ GoffiMatMul Warning: Result is exactly zero despite non-zero inputs (M=2048, N=256, K=256)
⚠️ GoffiMatMul Warning: Result is exactly zero despite non-zero inputs (M=2048, N=256, K=4080)
⚠️ GoffiMatMul Warning: Result is exactly zero despite non-zero inputs (M=2048, N=256, K=256)
⚠️ GoffiMatMul Warning: Result is exactly zero despite non-zero inputs (M=2048, N=256, K=4080)
2026/04/18 08:06:19 mlm_training.go:569: ⏳ MLM: Step 210 in progress...
⚠️ GoffiMatMul Warning: Result is exactly zero despite non-zero inputs (M=2048, N=256, K=4080)
⚠️ GoffiMatMul Warning: Result is exactly zero despite non-zero inputs (M=2048, N=256, K=256)
⚠️ GoffiMatMul Warning: Result is exactly zero despite non-zero inputs (M=2048, N=256, K=4080)
⚠️ GoffiMatMul Warning: Result is exactly zero despite non-zero inputs (M=2048, N=256, K=256)
⚠️ GoffiMatMul Warning: Result is exactly zero despite non-zero inputs (M=2048, N=256, K=4080)
⚠️ GoffiMatMul Warning: Result is exactly zero despite non-zero inputs (M=2048, N=256, K=256)
⚠️ GoffiMatMul Warning: Result is exactly zero despite non-zero inputs (M=2048, N=256, K=4080)
⚠️ GoffiMatMul Warning: Result is exactly zero despite non-zero inputs (M=2048, N=256, K=256)
⚠️ GoffiMatMul Warning: Result is exactly zero despite non-zero inputs (M=2048, N=256, K=4080)
⚠️ GoffiMatMul Warning: Result is exactly zero despite non-zero inputs (M=2048, N=256, K=4080)
⚠️ GoffiMatMul Warning: Result is exactly zero despite non-zero inputs (M=2048, N=256, K=256)
⚠️ GoffiMatMul Warning: Result is exactly zero despite non-zero inputs (M=2048, N=256, K=4080)
⚠️ GoffiMatMul Warning: Result is exactly zero despite non-zero inputs (M=2048, N=256, K=256)
⚠️ GoffiMatMul Warning: Result is exactly zero despite non-zero inputs (M=2048, N=256, K=4080)
⚠️ GoffiMatMul Warning: Result is exactly zero despite non-zero inputs (M=2048, N=256, K=4080)
⚠️ GoffiMatMul Warning: Result is exactly zero despite non-zero inputs (M=2048, N=256, K=256)
2026/04/18 08:08:07 mlm_training.go:569: ⏳ MLM: Step 220 in progress...
⚠️ GoffiMatMul Warning: Result is exactly zero despite non-zero inputs (M=2048, N=256, K=4080)
⚠️ GoffiMatMul Warning: Result is exactly zero despite non-zero inputs (M=2048, N=256, K=256)
⚠️ GoffiMatMul Warning: Result is exactly zero despite non-zero inputs (M=2048, N=256, K=4080)
⚠️ GoffiMatMul Warning: Result is exactly zero despite non-zero inputs (M=2048, N=256, K=256)
⚠️ GoffiMatMul Warning: Result is exactly zero despite non-zero inputs (M=551, N=256, K=4080)
⚠️ GoffiMatMul Warning: Result is exactly zero despite non-zero inputs (M=551, N=256, K=256)
2026/04/18 08:08:42 mlm_training.go:635: 🎓 [MLM] Epoch 5/20 Complete | Avg Loss: 6.2626 | PPL: 524.6 | Batches: 45
2026/04/18 08:08:42 mlm_training.go:420: 🎓 MLM: Starting epoch 6 with 2835 sentences (Batch Size: 64)
⚠️ GoffiMatMul Warning: Result is exactly zero despite non-zero inputs (M=1984, N=256, K=4080)
⚠️ GoffiMatMul Warning: Result is exactly zero despite non-zero inputs (M=1984, N=256, K=256)
⚠️ GoffiMatMul Warning: Result is exactly zero despite non-zero inputs (M=2048, N=256, K=4080)
⚠️ GoffiMatMul Warning: Result is exactly zero despite non-zero inputs (M=2048, N=256, K=256)
⚠️ GoffiMatMul Warning: Result is exactly zero despite non-zero inputs (M=2048, N=256, K=4080)
⚠️ GoffiMatMul Warning: Result is exactly zero despite non-zero inputs (M=2048, N=256, K=256)
⚠️ GoffiMatMul Warning: Result is exactly zero despite non-zero inputs (M=2048, N=256, K=4080)
⚠️ GoffiMatMul Warning: Result is exactly zero despite non-zero inputs (M=2048, N=256, K=4080)
⚠️ GoffiMatMul Warning: Result is exactly zero despite non-zero inputs (M=2048, N=256, K=256)
2026/04/18 08:09:47 mlm_training.go:569: ⏳ MLM: Step 230 in progress...
⚠️ GoffiMatMul Warning: Result is exactly zero despite non-zero inputs (M=2048, N=256, K=4080)
⚠️ GoffiMatMul Warning: Result is exactly zero despite non-zero inputs (M=2048, N=256, K=256)
⚠️ GoffiMatMul Warning: Result is exactly zero despite non-zero inputs (M=2048, N=256, K=4080)
⚠️ GoffiMatMul Warning: Result is exactly zero despite non-zero inputs (M=2048, N=256, K=256)
⚠️ GoffiMatMul Warning: Result is exactly zero despite non-zero inputs (M=2048, N=256, K=4080)
⚠️ GoffiMatMul Warning: Result is exactly zero despite non-zero inputs (M=2048, N=256, K=256)
⚠️ GoffiMatMul Warning: Result is exactly zero despite non-zero inputs (M=2048, N=256, K=4080)
⚠️ GoffiMatMul Warning: Result is exactly zero despite non-zero inputs (M=2048, N=256, K=4080)
⚠️ GoffiMatMul Warning: Result is exactly zero despite non-zero inputs (M=2048, N=256, K=256)
⚠️ GoffiMatMul Warning: Result is exactly zero despite non-zero inputs (M=2048, N=256, K=4080)
⚠️ GoffiMatMul Warning: Result is exactly zero despite non-zero inputs (M=2048, N=256, K=256)
⚠️ GoffiMatMul Warning: Result is exactly zero despite non-zero inputs (M=2048, N=256, K=4080)
⚠️ GoffiMatMul Warning: Result is exactly zero despite non-zero inputs (M=2048, N=256, K=256)
⚠️ GoffiMatMul Warning: Result is exactly zero despite non-zero inputs (M=2048, N=256, K=4080)
⚠️ GoffiMatMul Warning: Result is exactly zero despite non-zero inputs (M=2048, N=256, K=256)
⚠️ GoffiMatMul Warning: Result is exactly zero despite non-zero inputs (M=2048, N=256, K=4080)
⚠️ GoffiMatMul Warning: Result is exactly zero despite non-zero inputs (M=2048, N=256, K=256)
⚠️ GoffiMatMul Warning: Result is exactly zero despite non-zero inputs (M=2048, N=256, K=4080)
⚠️ GoffiMatMul Warning: Result is exactly zero despite non-zero inputs (M=2048, N=256, K=256)
2026/04/18 08:11:35 mlm_training.go:569: ⏳ MLM: Step 240 in progress...
⚠️ GoffiMatMul Warning: Result is exactly zero despite non-zero inputs (M=2048, N=256, K=4080)
⚠️ GoffiMatMul Warning: Result is exactly zero despite non-zero inputs (M=2048, N=256, K=256)
⚠️ GoffiMatMul Warning: Result is exactly zero despite non-zero inputs (M=2048, N=256, K=4080)
⚠️ GoffiMatMul Warning: Result is exactly zero despite non-zero inputs (M=2048, N=256, K=256)
⚠️ GoffiMatMul Warning: Result is exactly zero despite non-zero inputs (M=2048, N=256, K=4080)
⚠️ GoffiMatMul Warning: Result is exactly zero despite non-zero inputs (M=2048, N=256, K=256)
⚠️ GoffiMatMul Warning: Result is exactly zero despite non-zero inputs (M=2048, N=256, K=4080)
⚠️ GoffiMatMul Warning: Result is exactly zero despite non-zero inputs (M=2048, N=256, K=256)
⚠️ GoffiMatMul Warning: Result is exactly zero despite non-zero inputs (M=2048, N=256, K=4080)
⚠️ GoffiMatMul Warning: Result is exactly zero despite non-zero inputs (M=2048, N=256, K=256)
⚠️ GoffiMatMul Warning: Result is exactly zero despite non-zero inputs (M=2048, N=256, K=4080)
⚠️ GoffiMatMul Warning: Result is exactly zero despite non-zero inputs (M=2048, N=256, K=256)
⚠️ GoffiMatMul Warning: Result is exactly zero despite non-zero inputs (M=2048, N=256, K=4080)
⚠️ GoffiMatMul Warning: Result is exactly zero despite non-zero inputs (M=2048, N=256, K=256)
2026/04/18 08:13:12 mlm_training.go:590: 🎓 [MLM] Step 250 | Loss: 6.1999 (smooth: 6.2168) | PPL: 869.2 | LR: 0.004507 | 0.1 steps/s
2026/04/18 08:13:12 mlm_training.go:775: [Intent: social]    🔍 'hard [___] refute' → Answer: 'to' | Predicted: .(4.6%), ?(3.5%), a(3.0%) ❌
⚠️ GoffiMatMul Warning: Result is exactly zero despite non-zero inputs (M=2048, N=256, K=4080)
⚠️ GoffiMatMul Warning: Result is exactly zero despite non-zero inputs (M=2048, N=256, K=256)
2026/04/18 08:13:23 mlm_training.go:569: ⏳ MLM: Step 250 in progress...
⚠️ GoffiMatMul Warning: Result is exactly zero despite non-zero inputs (M=2048, N=256, K=4080)
⚠️ GoffiMatMul Warning: Result is exactly zero despite non-zero inputs (M=2048, N=256, K=256)
⚠️ GoffiMatMul Warning: Result is exactly zero despite non-zero inputs (M=2048, N=256, K=4080)
⚠️ GoffiMatMul Warning: Result is exactly zero despite non-zero inputs (M=2048, N=256, K=256)
⚠️ GoffiMatMul Warning: Result is exactly zero despite non-zero inputs (M=2048, N=256, K=4080)
⚠️ GoffiMatMul Warning: Result is exactly zero despite non-zero inputs (M=2048, N=256, K=256)
⚠️ GoffiMatMul Warning: Result is exactly zero despite non-zero inputs (M=2048, N=256, K=4080)
⚠️ GoffiMatMul Warning: Result is exactly zero despite non-zero inputs (M=2048, N=256, K=256)
⚠️ GoffiMatMul Warning: Result is exactly zero despite non-zero inputs (M=2048, N=256, K=4080)
⚠️ GoffiMatMul Warning: Result is exactly zero despite non-zero inputs (M=2048, N=256, K=256)
⚠️ GoffiMatMul Warning: Result is exactly zero despite non-zero inputs (M=2048, N=256, K=4080)
⚠️ GoffiMatMul Warning: Result is exactly zero despite non-zero inputs (M=2048, N=256, K=256)
⚠️ GoffiMatMul Warning: Result is exactly zero despite non-zero inputs (M=2048, N=256, K=4080)
⚠️ GoffiMatMul Warning: Result is exactly zero despite non-zero inputs (M=2048, N=256, K=256)
⚠️ GoffiMatMul Warning: Result is exactly zero despite non-zero inputs (M=2048, N=256, K=4080)
⚠️ GoffiMatMul Warning: Result is exactly zero despite non-zero inputs (M=2048, N=256, K=256)
⚠️ GoffiMatMul Warning: Result is exactly zero despite non-zero inputs (M=2048, N=256, K=4080)
⚠️ GoffiMatMul Warning: Result is exactly zero despite non-zero inputs (M=2048, N=256, K=256)
⚠️ GoffiMatMul Warning: Result is exactly zero despite non-zero inputs (M=2048, N=256, K=4080)
⚠️ GoffiMatMul Warning: Result is exactly zero despite non-zero inputs (M=2048, N=256, K=256)
2026/04/18 08:15:10 mlm_training.go:569: ⏳ MLM: Step 260 in progress...
⚠️ GoffiMatMul Warning: Result is exactly zero despite non-zero inputs (M=2048, N=256, K=4080)
⚠️ GoffiMatMul Warning: Result is exactly zero despite non-zero inputs (M=2048, N=256, K=256)
⚠️ GoffiMatMul Warning: Result is exactly zero despite non-zero inputs (M=2048, N=256, K=4080)
⚠️ GoffiMatMul Warning: Result is exactly zero despite non-zero inputs (M=2048, N=256, K=256)
⚠️ GoffiMatMul Warning: Result is exactly zero despite non-zero inputs (M=2048, N=256, K=4080)
⚠️ GoffiMatMul Warning: Result is exactly zero despite non-zero inputs (M=2048, N=256, K=256)
⚠️ GoffiMatMul Warning: Result is exactly zero despite non-zero inputs (M=2048, N=256, K=4080)
⚠️ GoffiMatMul Warning: Result is exactly zero despite non-zero inputs (M=2048, N=256, K=256)
⚠️ GoffiMatMul Warning: Result is exactly zero despite non-zero inputs (M=2048, N=256, K=4080)
⚠️ GoffiMatMul Warning: Result is exactly zero despite non-zero inputs (M=2048, N=256, K=256)
⚠️ GoffiMatMul Warning: Result is exactly zero despite non-zero inputs (M=1984, N=256, K=4080)
⚠️ GoffiMatMul Warning: Result is exactly zero despite non-zero inputs (M=1984, N=256, K=256)
⚠️ GoffiMatMul Warning: Result is exactly zero despite non-zero inputs (M=2048, N=256, K=4080)
⚠️ GoffiMatMul Warning: Result is exactly zero despite non-zero inputs (M=2048, N=256, K=256)
2026/04/18 08:16:41 mlm_training.go:635: 🎓 [MLM] Epoch 6/20 Complete | Avg Loss: 6.2295 | PPL: 507.5 | Batches: 45
2026/04/18 08:16:41 mlm_training.go:420: 🎓 MLM: Starting epoch 7 with 2835 sentences (Batch Size: 64)
⚠️ GoffiMatMul Warning: Result is exactly zero despite non-zero inputs (M=2048, N=256, K=4080)
⚠️ GoffiMatMul Warning: Result is exactly zero despite non-zero inputs (M=2048, N=256, K=256)
2026/04/18 08:16:51 mlm_training.go:569: ⏳ MLM: Step 270 in progress...
⚠️ GoffiMatMul Warning: Result is exactly zero despite non-zero inputs (M=2048, N=256, K=4080)
⚠️ GoffiMatMul Warning: Result is exactly zero despite non-zero inputs (M=2048, N=256, K=256)
⚠️ GoffiMatMul Warning: Result is exactly zero despite non-zero inputs (M=2048, N=256, K=4080)
⚠️ GoffiMatMul Warning: Result is exactly zero despite non-zero inputs (M=2048, N=256, K=256)
⚠️ GoffiMatMul Warning: Result is exactly zero despite non-zero inputs (M=2048, N=256, K=4080)
⚠️ GoffiMatMul Warning: Result is exactly zero despite non-zero inputs (M=2048, N=256, K=4080)
⚠️ GoffiMatMul Warning: Result is exactly zero despite non-zero inputs (M=2048, N=256, K=256)
⚠️ GoffiMatMul Warning: Result is exactly zero despite non-zero inputs (M=2048, N=256, K=4080)
⚠️ GoffiMatMul Warning: Result is exactly zero despite non-zero inputs (M=2048, N=256, K=256)
⚠️ GoffiMatMul Warning: Result is exactly zero despite non-zero inputs (M=2048, N=256, K=4080)
⚠️ GoffiMatMul Warning: Result is exactly zero despite non-zero inputs (M=2048, N=256, K=256)
⚠️ GoffiMatMul Warning: Result is exactly zero despite non-zero inputs (M=2048, N=256, K=4080)
⚠️ GoffiMatMul Warning: Result is exactly zero despite non-zero inputs (M=2048, N=256, K=256)
⚠️ GoffiMatMul Warning: Result is exactly zero despite non-zero inputs (M=2048, N=256, K=4080)
⚠️ GoffiMatMul Warning: Result is exactly zero despite non-zero inputs (M=2048, N=256, K=256)
⚠️ GoffiMatMul Warning: Result is exactly zero despite non-zero inputs (M=2048, N=256, K=4080)
⚠️ GoffiMatMul Warning: Result is exactly zero despite non-zero inputs (M=2048, N=256, K=256)
2026/04/18 08:18:39 mlm_training.go:569: ⏳ MLM: Step 280 in progress...
⚠️ GoffiMatMul Warning: Result is exactly zero despite non-zero inputs (M=2048, N=256, K=4080)
⚠️ GoffiMatMul Warning: Result is exactly zero despite non-zero inputs (M=2048, N=256, K=256)
⚠️ GoffiMatMul Warning: Result is exactly zero despite non-zero inputs (M=2048, N=256, K=4080)
⚠️ GoffiMatMul Warning: Result is exactly zero despite non-zero inputs (M=2048, N=256, K=256)
⚠️ GoffiMatMul Warning: Result is exactly zero despite non-zero inputs (M=2048, N=256, K=4080)
⚠️ GoffiMatMul Warning: Result is exactly zero despite non-zero inputs (M=2048, N=256, K=256)
⚠️ GoffiMatMul Warning: Result is exactly zero despite non-zero inputs (M=2048, N=256, K=4080)
⚠️ GoffiMatMul Warning: Result is exactly zero despite non-zero inputs (M=2048, N=256, K=256)
⚠️ GoffiMatMul Warning: Result is exactly zero despite non-zero inputs (M=2048, N=256, K=4080)
⚠️ GoffiMatMul Warning: Result is exactly zero despite non-zero inputs (M=2048, N=256, K=256)
⚠️ GoffiMatMul Warning: Result is exactly zero despite non-zero inputs (M=2048, N=256, K=4080)
⚠️ GoffiMatMul Warning: Result is exactly zero despite non-zero inputs (M=2048, N=256, K=256)
⚠️ GoffiMatMul Warning: Result is exactly zero despite non-zero inputs (M=2048, N=256, K=4080)
⚠️ GoffiMatMul Warning: Result is exactly zero despite non-zero inputs (M=2048, N=256, K=256)
⚠️ GoffiMatMul Warning: Result is exactly zero despite non-zero inputs (M=2048, N=256, K=4080)
⚠️ GoffiMatMul Warning: Result is exactly zero despite non-zero inputs (M=2048, N=256, K=256)
⚠️ GoffiMatMul Warning: Result is exactly zero despite non-zero inputs (M=2048, N=256, K=4080)
⚠️ GoffiMatMul Warning: Result is exactly zero despite non-zero inputs (M=2048, N=256, K=256)
⚠️ GoffiMatMul Warning: Result is exactly zero despite non-zero inputs (M=2048, N=256, K=4080)
⚠️ GoffiMatMul Warning: Result is exactly zero despite non-zero inputs (M=2048, N=256, K=256)
2026/04/18 08:20:27 mlm_training.go:569: ⏳ MLM: Step 290 in progress...
⚠️ GoffiMatMul Warning: Result is exactly zero despite non-zero inputs (M=2048, N=256, K=4080)
⚠️ GoffiMatMul Warning: Result is exactly zero despite non-zero inputs (M=2048, N=256, K=256)
⚠️ GoffiMatMul Warning: Result is exactly zero despite non-zero inputs (M=2048, N=256, K=4080)
⚠️ GoffiMatMul Warning: Result is exactly zero despite non-zero inputs (M=2048, N=256, K=256)
⚠️ GoffiMatMul Warning: Result is exactly zero despite non-zero inputs (M=2048, N=256, K=4080)
⚠️ GoffiMatMul Warning: Result is exactly zero despite non-zero inputs (M=2048, N=256, K=4080)
⚠️ GoffiMatMul Warning: Result is exactly zero despite non-zero inputs (M=2048, N=256, K=256)
⚠️ GoffiMatMul Warning: Result is exactly zero despite non-zero inputs (M=2048, N=256, K=4080)
⚠️ GoffiMatMul Warning: Result is exactly zero despite non-zero inputs (M=2048, N=256, K=256)
⚠️ GoffiMatMul Warning: Result is exactly zero despite non-zero inputs (M=2048, N=256, K=4080)
⚠️ GoffiMatMul Warning: Result is exactly zero despite non-zero inputs (M=2048, N=256, K=256)
⚠️ GoffiMatMul Warning: Result is exactly zero despite non-zero inputs (M=2048, N=256, K=4080)
⚠️ GoffiMatMul Warning: Result is exactly zero despite non-zero inputs (M=2048, N=256, K=256)
⚠️ GoffiMatMul Warning: Result is exactly zero despite non-zero inputs (M=2048, N=256, K=4080)
⚠️ GoffiMatMul Warning: Result is exactly zero despite non-zero inputs (M=2048, N=256, K=256)
2026/04/18 08:22:03 mlm_training.go:590: 🎓 [MLM] Step 300 | Loss: 6.5614 (smooth: 6.1938) | PPL: 831.3 | LR: 0.004174 | 0.1 steps/s
2026/04/18 08:22:03 mlm_training.go:775: [Intent: social]    🔍 '] [___] ' → Answer: 'do' | Predicted: .(4.6%), ?(3.7%), a(3.0%) ❌
⚠️ GoffiMatMul Warning: Result is exactly zero despite non-zero inputs (M=2048, N=256, K=4080)
⚠️ GoffiMatMul Warning: Result is exactly zero despite non-zero inputs (M=2048, N=256, K=256)
2026/04/18 08:22:14 mlm_training.go:569: ⏳ MLM: Step 300 in progress...
⚠️ GoffiMatMul Warning: Result is exactly zero despite non-zero inputs (M=2048, N=256, K=4080)
⚠️ GoffiMatMul Warning: Result is exactly zero despite non-zero inputs (M=2048, N=256, K=256)
⚠️ GoffiMatMul Warning: Result is exactly zero despite non-zero inputs (M=2048, N=256, K=4080)
⚠️ GoffiMatMul Warning: Result is exactly zero despite non-zero inputs (M=2048, N=256, K=256)
⚠️ GoffiMatMul Warning: Result is exactly zero despite non-zero inputs (M=2048, N=256, K=4080)
⚠️ GoffiMatMul Warning: Result is exactly zero despite non-zero inputs (M=2048, N=256, K=256)
⚠️ GoffiMatMul Warning: Result is exactly zero despite non-zero inputs (M=2048, N=256, K=4080)
⚠️ GoffiMatMul Warning: Result is exactly zero despite non-zero inputs (M=2048, N=256, K=256)
⚠️ GoffiMatMul Warning: Result is exactly zero despite non-zero inputs (M=2048, N=256, K=4080)
⚠️ GoffiMatMul Warning: Result is exactly zero despite non-zero inputs (M=2048, N=256, K=256)
⚠️ GoffiMatMul Warning: Result is exactly zero despite non-zero inputs (M=2048, N=256, K=4080)
⚠️ GoffiMatMul Warning: Result is exactly zero despite non-zero inputs (M=2048, N=256, K=256)
⚠️ GoffiMatMul Warning: Result is exactly zero despite non-zero inputs (M=2048, N=256, K=4080)
⚠️ GoffiMatMul Warning: Result is exactly zero despite non-zero inputs (M=2048, N=256, K=256)
⚠️ GoffiMatMul Warning: Result is exactly zero despite non-zero inputs (M=2048, N=256, K=4080)
⚠️ GoffiMatMul Warning: Result is exactly zero despite non-zero inputs (M=2048, N=256, K=256)
⚠️ GoffiMatMul Warning: Result is exactly zero despite non-zero inputs (M=2048, N=256, K=4080)
⚠️ GoffiMatMul Warning: Result is exactly zero despite non-zero inputs (M=2048, N=256, K=256)
⚠️ GoffiMatMul Warning: Result is exactly zero despite non-zero inputs (M=2048, N=256, K=4080)
⚠️ GoffiMatMul Warning: Result is exactly zero despite non-zero inputs (M=2048, N=256, K=256)
2026/04/18 08:24:02 mlm_training.go:569: ⏳ MLM: Step 310 in progress...
⚠️ GoffiMatMul Warning: Result is exactly zero despite non-zero inputs (M=2048, N=256, K=4080)
⚠️ GoffiMatMul Warning: Result is exactly zero despite non-zero inputs (M=2048, N=256, K=256)
⚠️ GoffiMatMul Warning: Result is exactly zero despite non-zero inputs (M=2048, N=256, K=4080)
⚠️ GoffiMatMul Warning: Result is exactly zero despite non-zero inputs (M=2048, N=256, K=256)
⚠️ GoffiMatMul Warning: Result is exactly zero despite non-zero inputs (M=2048, N=256, K=4080)
⚠️ GoffiMatMul Warning: Result is exactly zero despite non-zero inputs (M=2048, N=256, K=256)
⚠️ GoffiMatMul Warning: Result is exactly zero despite non-zero inputs (M=513, N=256, K=4080)
⚠️ GoffiMatMul Warning: Result is exactly zero despite non-zero inputs (M=513, N=256, K=256)
2026/04/18 08:24:36 mlm_training.go:635: 🎓 [MLM] Epoch 7/20 Complete | Avg Loss: 6.1590 | PPL: 472.9 | Batches: 45
2026/04/18 08:24:36 mlm_training.go:420: 🎓 MLM: Starting epoch 8 with 2835 sentences (Batch Size: 64)
⚠️ GoffiMatMul Warning: Result is exactly zero despite non-zero inputs (M=2048, N=256, K=4080)
⚠️ GoffiMatMul Warning: Result is exactly zero despite non-zero inputs (M=2048, N=256, K=256)
⚠️ GoffiMatMul Warning: Result is exactly zero despite non-zero inputs (M=2048, N=256, K=4080)
⚠️ GoffiMatMul Warning: Result is exactly zero despite non-zero inputs (M=2048, N=256, K=256)
⚠️ GoffiMatMul Warning: Result is exactly zero despite non-zero inputs (M=2048, N=256, K=4080)
⚠️ GoffiMatMul Warning: Result is exactly zero despite non-zero inputs (M=2048, N=256, K=256)
⚠️ GoffiMatMul Warning: Result is exactly zero despite non-zero inputs (M=2048, N=256, K=4080)
⚠️ GoffiMatMul Warning: Result is exactly zero despite non-zero inputs (M=2048, N=256, K=256)
⚠️ GoffiMatMul Warning: Result is exactly zero despite non-zero inputs (M=2048, N=256, K=4080)
⚠️ GoffiMatMul Warning: Result is exactly zero despite non-zero inputs (M=2048, N=256, K=256)
2026/04/18 08:25:41 mlm_training.go:569: ⏳ MLM: Step 320 in progress...
⚠️ GoffiMatMul Warning: Result is exactly zero despite non-zero inputs (M=2048, N=256, K=4080)
⚠️ GoffiMatMul Warning: Result is exactly zero despite non-zero inputs (M=2048, N=256, K=256)
⚠️ GoffiMatMul Warning: Result is exactly zero despite non-zero inputs (M=2048, N=256, K=4080)
⚠️ GoffiMatMul Warning: Result is exactly zero despite non-zero inputs (M=2048, N=256, K=256)
⚠️ GoffiMatMul Warning: Result is exactly zero despite non-zero inputs (M=2048, N=256, K=4080)
⚠️ GoffiMatMul Warning: Result is exactly zero despite non-zero inputs (M=2048, N=256, K=4080)
⚠️ GoffiMatMul Warning: Result is exactly zero despite non-zero inputs (M=2048, N=256, K=256)
⚠️ GoffiMatMul Warning: Result is exactly zero despite non-zero inputs (M=2048, N=256, K=4080)
⚠️ GoffiMatMul Warning: Result is exactly zero despite non-zero inputs (M=2048, N=256, K=256)
⚠️ GoffiMatMul Warning: Result is exactly zero despite non-zero inputs (M=2048, N=256, K=4080)
⚠️ GoffiMatMul Warning: Result is exactly zero despite non-zero inputs (M=2048, N=256, K=256)
⚠️ GoffiMatMul Warning: Result is exactly zero despite non-zero inputs (M=2048, N=256, K=4080)
⚠️ GoffiMatMul Warning: Result is exactly zero despite non-zero inputs (M=2048, N=256, K=256)
⚠️ GoffiMatMul Warning: Result is exactly zero despite non-zero inputs (M=2048, N=256, K=4080)
⚠️ GoffiMatMul Warning: Result is exactly zero despite non-zero inputs (M=2048, N=256, K=256)
⚠️ GoffiMatMul Warning: Result is exactly zero despite non-zero inputs (M=2048, N=256, K=4080)
⚠️ GoffiMatMul Warning: Result is exactly zero despite non-zero inputs (M=2048, N=256, K=256)
2026/04/18 08:27:31 mlm_training.go:569: ⏳ MLM: Step 330 in progress...
⚠️ GoffiMatMul Warning: Result is exactly zero despite non-zero inputs (M=2048, N=256, K=4080)
⚠️ GoffiMatMul Warning: Result is exactly zero despite non-zero inputs (M=2048, N=256, K=256)
⚠️ GoffiMatMul Warning: Result is exactly zero despite non-zero inputs (M=2048, N=256, K=4080)
⚠️ GoffiMatMul Warning: Result is exactly zero despite non-zero inputs (M=2048, N=256, K=256)
⚠️ GoffiMatMul Warning: Result is exactly zero despite non-zero inputs (M=2048, N=256, K=4080)
⚠️ GoffiMatMul Warning: Result is exactly zero despite non-zero inputs (M=2048, N=256, K=256)
⚠️ GoffiMatMul Warning: Result is exactly zero despite non-zero inputs (M=2048, N=256, K=4080)
⚠️ GoffiMatMul Warning: Result is exactly zero despite non-zero inputs (M=2048, N=256, K=256)
⚠️ GoffiMatMul Warning: Result is exactly zero despite non-zero inputs (M=2048, N=256, K=4080)
⚠️ GoffiMatMul Warning: Result is exactly zero despite non-zero inputs (M=2048, N=256, K=4080)
⚠️ GoffiMatMul Warning: Result is exactly zero despite non-zero inputs (M=2048, N=256, K=256)
⚠️ GoffiMatMul Warning: Result is exactly zero despite non-zero inputs (M=2048, N=256, K=4080)
⚠️ GoffiMatMul Warning: Result is exactly zero despite non-zero inputs (M=2048, N=256, K=256)
⚠️ GoffiMatMul Warning: Result is exactly zero despite non-zero inputs (M=2048, N=256, K=4080)
⚠️ GoffiMatMul Warning: Result is exactly zero despite non-zero inputs (M=2048, N=256, K=256)
⚠️ GoffiMatMul Warning: Result is exactly zero despite non-zero inputs (M=2048, N=256, K=4080)
⚠️ GoffiMatMul Warning: Result is exactly zero despite non-zero inputs (M=2048, N=256, K=256)
⚠️ GoffiMatMul Warning: Result is exactly zero despite non-zero inputs (M=2048, N=256, K=4080)
⚠️ GoffiMatMul Warning: Result is exactly zero despite non-zero inputs (M=2048, N=256, K=256)
Terminated
