--- 🗣️  Training Chat Model ---
✅ Loaded Word2Vec model
2026/03/29 19:04:53 chat.go:237: 📊 Loaded 6510 training pairs from conversing.csv
2026/03/29 19:04:53 vocab.go:54: NewVocabulary: Initial size after adding <pad> and UNK: 2
2026/03/29 19:04:53 chat.go:256: 📐 Pre-computed final vocab size: 2547
2026/03/29 19:04:53 chat.go:289: 🚀 Initializing high-capacity 768d MoE Transformer (4 Experts, 2-Layer Decoder)
2026/03/29 19:04:53 chat.go:296: 🔢 Initializing decoder with final vocab size: 2547
2026/03/29 19:04:55 chat.go:314: 🛠️ Phase 1: Robust init (He for experts, Orthogonal/High-Scale for router)...
2026/03/29 19:04:56 chat.go:328: 🛠️ Phase 2: Orthogonal init for LSTM weights + Forget-gate bias trick...
2026/03/29 19:05:03 chat.go:345: ⚡ Phase 3 & 4: Manual Signal Boosting disabled for stability.
2026/03/29 19:05:03 chat.go:350: 📡 Total Active MoE Layers: 2
🔍 Performing Pre-Flight Health Check...
✅ Model weights are within safe numerical bounds.
2026/03/29 19:05:03 chat.go:359: ⚖️ Manual Rebalance Triggered: Normalizing Expert weight distributions...
⚖️ Rebalancing Experts to target average L2 Norm: 67.9122
   Expert 0: Norm 67.9064 -> 67.9122 (Scaled by 1.0001)
   Expert 1: Norm 67.8840 -> 67.9122 (Scaled by 1.0004)
   Expert 2: Norm 67.9486 -> 67.9122 (Scaled by 0.9995)
   Expert 3: Norm 67.9100 -> 67.9122 (Scaled by 1.0000)
👉 Router weights reset to small random values.
⚖️ Rebalancing Experts to target average L2 Norm: 67.9165
   Expert 0: Norm 67.9409 -> 67.9165 (Scaled by 0.9996)
   Expert 1: Norm 67.9254 -> 67.9165 (Scaled by 0.9999)
   Expert 2: Norm 67.8974 -> 67.9165 (Scaled by 1.0003)
   Expert 3: Norm 67.9023 -> 67.9165 (Scaled by 1.0002)
👉 Router weights reset to small random values.
2026/03/29 19:05:03 chat.go:374: 🔧 Adjusted MoE: Capacity=1.5, LBWeight=0.15, Temp=1.0, Dropout=0.1
2026/03/29 19:05:03 chat.go:381: 🔥 Initial Router Temperature set to 2.5 for exploration
2026/03/29 19:05:03 chat.go:433: ✨ Expanded Word2Vec vocab with 171 new words from training data. Total: 61240
2026/03/29 19:05:03 vocab.go:54: NewVocabulary: Initial size after adding <pad> and UNK: 2
2026/03/29 19:05:03 chat.go:454: ✅ Final SentenceVocab Size: 2547
2026/03/29 19:05:03 chat.go:499: Word2Vec Coverage: 20990 hits, 0 misses (100.00%)
2026/03/29 19:05:03 chat.go:502: 🗑️  Freeing Word2Vec vectors from memory (61240 vectors)...
2026/03/29 19:05:03 chat.go:507: ✅ Word2Vec heavy vectors freed.
2026/03/29 19:05:03 chat.go:527: ⚖️ Data Distribution: Help=6040, Social=470
Data Split Pre-Limit (Balanced): 5859 Training, 651 Validation
2026/03/29 19:05:03 chat.go:577: 🎓 Curriculum active: Training starts with shortest sentences.
2026/03/29 19:05:03 chat.go:589: Final Train Set Size: 6184
Training on 6510 pairs for 60 epochs (patience=10)...
2026/03/29 19:05:03 chat.go:746: 📊 Training CSV log: /home/zendrulat/code/gollemer/logs/training_log.csv
2026/03/29 19:05:03 chat.go:770: 🌡️ Epoch 0 | Temperature: 1.0000
2026/03/29 19:05:03 chat.go:2107: 🔄 Shuffled training data for new epoch
2026/03/29 19:05:03 chat.go:827: 🌡️ Step 0: Temp=2.4975 | Thawed Experts: 4/8
🔍 [Data Integrity Check]
2026/03/29 19:10:38 chat.go:1114: 🔥 [Stability Alert] Top Magnitude: Embedding/Encoder [idx=2, size=4] | Norm: 6.62 (Total Raw Norm: 1304655.35)
2026/03/29 19:10:39 chat.go:1140: 📥 [Step 15] Weights updated | Norm: 10.0000 [CLIPPED: raw=1304655.35] | LR: 0.00000020
2026/03/29 19:15:49 chat.go:1114: 🔥 [Stability Alert] Top Magnitude: Router/Gating [idx=24, size=3072] | Norm: 6.73 (Total Raw Norm: 960003.19)
2026/03/29 19:15:49 chat.go:1140: 📥 [Step 31] Weights updated | Norm: 10.0000 [CLIPPED: raw=960003.19] | LR: 0.00000042
2026/03/29 19:20:50 chat.go:1114: 🔥 [Stability Alert] Top Magnitude: Router/Gating [idx=24, size=3072] | Norm: 6.24 (Total Raw Norm: 1262695.28)
2026/03/29 19:20:50 chat.go:1140: 📥 [Step 47] Weights updated | Norm: 10.0000 [CLIPPED: raw=1262695.28] | LR: 0.00000063
2026/03/29 19:21:27 chat.go:1214: Epoch 0, Batch 50/6510, Loss: 8.5747 (LB: 0.4994, Step: 49, LR: 0.0000052) [0.05 b/s]
2026/03/29 19:25:50 chat.go:1114: 🔥 [Stability Alert] Top Magnitude: Router/Gating [idx=24, size=3072] | Norm: 7.37 (Total Raw Norm: 1027739.15)
2026/03/29 19:25:51 chat.go:1140: 📥 [Step 63] Weights updated | Norm: 10.0000 [CLIPPED: raw=1027739.15] | LR: 0.00000085
2026/03/29 19:30:55 chat.go:1114: 🔥 [Stability Alert] Top Magnitude: Embedding/Encoder [idx=2, size=4] | Norm: 6.18 (Total Raw Norm: 903431.44)
2026/03/29 19:30:55 chat.go:1140: 📥 [Step 79] Weights updated | Norm: 10.0000 [CLIPPED: raw=903431.44] | LR: 0.00000106
2026/03/29 19:36:07 chat.go:1114: 🔥 [Stability Alert] Top Magnitude: Router/Gating [idx=24, size=3072] | Norm: 6.27 (Total Raw Norm: 1333827.59)
2026/03/29 19:36:08 chat.go:1140: 📥 [Step 95] Weights updated | Norm: 10.0000 [CLIPPED: raw=1333827.59] | LR: 0.00000128
2026/03/29 19:37:40 chat.go:1214: Epoch 0, Batch 100/6510, Loss: 8.8075 (LB: 0.5012, Step: 99, LR: 0.0000054) [0.05 b/s]
2026/03/29 19:37:40 chat.go:827: 🌡️ Step 100: Temp=2.2598 | Thawed Experts: 4/8
🔍 [Data Integrity Check]
2026/03/29 19:41:22 chat.go:1114: 🔥 [Stability Alert] Top Magnitude: Router/Gating [idx=24, size=3072] | Norm: 5.89 (Total Raw Norm: 1665208.88)
2026/03/29 19:41:22 chat.go:1140: 📥 [Step 111] Weights updated | Norm: 10.0000 [CLIPPED: raw=1665208.88] | LR: 0.00000150
2026/03/29 19:46:47 chat.go:1114: 🔥 [Stability Alert] Top Magnitude: Router/Gating [idx=24, size=3072] | Norm: 5.80 (Total Raw Norm: 585304.41)
2026/03/29 19:46:47 chat.go:1140: 📥 [Step 127] Weights updated | Norm: 10.0000 [CLIPPED: raw=585304.41] | LR: 0.00000171
2026/03/29 19:51:53 chat.go:1114: 🔥 [Stability Alert] Top Magnitude: Embedding/Encoder [idx=2, size=4] | Norm: 7.80 (Total Raw Norm: 818576.18)
2026/03/29 19:51:54 chat.go:1140: 📥 [Step 143] Weights updated | Norm: 10.0000 [CLIPPED: raw=818576.18] | LR: 0.00000193
2026/03/29 19:53:45 chat.go:1214: Epoch 0, Batch 150/6510, Loss: 8.6484 (LB: 0.4952, Step: 149, LR: 0.0000057) [0.05 b/s]
2026/03/29 19:57:01 chat.go:1114: 🔥 [Stability Alert] Top Magnitude: Router/Gating [idx=24, size=3072] | Norm: 7.25 (Total Raw Norm: 1242162.21)
2026/03/29 19:57:01 chat.go:1140: 📥 [Step 159] Weights updated | Norm: 10.0000 [CLIPPED: raw=1242162.21] | LR: 0.00000214
2026/03/29 20:02:12 chat.go:1114: 🔥 [Stability Alert] Top Magnitude: Embedding/Encoder [idx=2, size=4] | Norm: 6.41 (Total Raw Norm: 1073962.70)
2026/03/29 20:02:13 chat.go:1140: 📥 [Step 175] Weights updated | Norm: 10.0000 [CLIPPED: raw=1073962.70] | LR: 0.00000236
2026/03/29 20:07:24 chat.go:1114: 🔥 [Stability Alert] Top Magnitude: Router/Gating [idx=24, size=3072] | Norm: 7.56 (Total Raw Norm: 1829323.20)
2026/03/29 20:07:25 chat.go:1140: 📥 [Step 191] Weights updated | Norm: 10.0000 [CLIPPED: raw=1829323.20] | LR: 0.00000257
2026/03/29 20:10:12 chat.go:1214: Epoch 0, Batch 200/6510, Loss: 8.2892 (LB: 0.4893, Step: 199, LR: 0.0000059) [0.05 b/s]

🗺️ Sparsity Heatmap [L0 E0] (Threshold: 0.050)
░░░░░░░░░░░░░░░░░░░░░░░░░░░░░░░░░░░░░░░░░░░░░░░░░░░░░░░░░░░░░░░░
░░░░░░░░░░░░░░░░░░░░░░░░░░░░░░░░░░░░░░░░░░░░░░░░░░░░░░░░░░░░░░░░
░░░░░░░░░░░░░░░░░░░░░░░░░░░░░░░░░░░░░░░░░░░░░░░░░░░░░░░░░░░░░░░░
░░░░░░░░░░░░░░░░░░░░░░░░░░░░░░░░░░░░░░░░░░░░░░░░░░░░░░░░░░░░░░░░
░░░░░░░░░░░░░░░░░░░░░░░░░░░░░░░░░░░░░░░░░░░░░░░░░░░░░░░░░░░░░░░░
░░░░░░░░░░░░░░░░░░░░░░░░░░░░░░░░░░░░░░░░░░░░░░░░░░░░░░░░░░░░░░░░
░░░░░░░░░░░░░░░░░░░░░░░░░░░░░░░░░░░░░░░░░░░░░░░░░░░░░░░░░░░░░░░░
░░░░░░░░░░░░░░░░░░░░░░░░░░░░░░░░░░░░░░░░░░░░░░░░░░░░░░░░░░░░░░░░
░░░░░░░░░░░░░░░░░░░░░░░░░░░░░░░░░░░░░░░░░░░░░░░░░░░░░░░░░░░░░░░░
░░░░░░░░░░░░░░░░░░░░░░░░░░░░░░░░░░░░░░░░░░░░░░░░░░░░░░░░░░░░░░░░
░░░░░░░░░░░░░░░░░░░░░░░░░░░░░░░░░░░░░░░░░░░░░░░░░░░░░░░░░░░░░░░░
░░░░░░░░░░░░░░░░░░░░░░░░░░░░░░░░░░░░░░░░░░░░░░░░░░░░░░░░░░░░░░░░
░░░░░░░░░░░░░░░░░░░░░░░░░░░░░░░░░░░░░░░░░░░░░░░░░░░░░░░░░░░░░░░░
░░░░░░░░░░░░░░░░░░░░░░░░░░░░░░░░░░░░░░░░░░░░░░░░░░░░░░░░░░░░░░░░
░░░░░░░░░░░░░░░░░░░░░░░░░░░░░░░░░░░░░░░░░░░░░░░░░░░░░░░░░░░░░░░░
░░░░░░░░░░░░░░░░░░░░░░░░░░░░░░░░░░░░░░░░░░░░░░░░░░░░░░░░░░░░░░░░
░░░░░░░░░░░░░░░░░░░░░░░░░░░░░░░░░░░░░░░░░░░░░░░░░░░░░░░░░░░░░░░░
░░░░░░░░░░░░░░░░░░░░░░░░░░░░░░░░░░░░░░░░░░░░░░░░░░░░░░░░░░░░░░░░
░░░░░░░░░░░░░░░░░░░░░░░░░░░░░░░░░░░░░░░░░░░░░░░░░░░░░░░░░░░░░░░░
░░░░░░░░░░░░░░░░░░░░░░░░░░░░░░░░░░░░░░░░░░░░░░░░░░░░░░░░░░░░░░░░
░░░░░░░░░░░░░░░░░░░░░░░░░░░░░░░░░░░░░░░░░░░░░░░░░░░░░░░░░░░░░░░░
░░░░░░░░░░░░░░░░░░░░░░░░░░░░░░░░░░░░░░░░░░░░░░░░░░░░░░░░░░░░░░░░
░░░░░░░░░░░░░░░░░░░░░░░░░░░░░░░░░░░░░░░░░░░░░░░░░░░░░░░░░░░░░░░░
░░░░░░░░░░░░░░░░░░░░░░░░░░░░░░░░░░░░░░░░░░░░░░░░░░░░░░░░░░░░░░░░
░░░░░░░░░░░░░░░░░░░░░░░░░░░░░░░░░░░░░░░░░░░░░░░░░░░░░░░░░░░░░░░░
░░░░░░░░░░░░░░░░░░░░░░░░░░░░░░░░░░░░░░░░░░░░░░░░░░░░░░░░░░░░░░░░
░░░░░░░░░░░░░░░░░░░░░░░░░░░░░░░░░░░░░░░░░░░░░░░░░░░░░░░░░░░░░░░░
░░░░░░░░░░░░░░░░░░░░░░░░░░░░░░░░░░░░░░░░░░░░░░░░░░░░░░░░░░░░░░░░
░░░░░░░░░░░░░░░░░░░░░░░░░░░░░░░░░░░░░░░░░░░░░░░░░░░░░░░░░░░░░░░░
░░░░░░░░░░░░░░░░░░░░░░░░░░░░░░░░░░░░░░░░░░░░░░░░░░░░░░░░░░░░░░░░
░░░░░░░░░░░░░░░░░░░░░░░░░░░░░░░░░░░░░░░░░░░░░░░░░░░░░░░░░░░░░░░░
░░░░░░░░░░░░░░░░░░░░░░░░░░░░░░░░░░░░░░░░░░░░░░░░░░░░░░░░░░░░░░░░
░░░░░░░░░░░░░░░░░░░░░░░░░░░░░░░░░░░░░░░░░░░░░░░░░░░░░░░░░░░░░░░░
░░░░░░░░░░░░░░░░░░░░░░░░░░░░░░░░░░░░░░░░░░░░░░░░░░░░░░░░░░░░░░░░
░░░░░░░░░░░░░░░░░░░░░░░░░░░░░░░░░░░░░░░░░░░░░░░░░░░░░░░░░░░░░░░░
░░░░░░░░░░░░░░░░░░░░░░░░░░░░░░░░░░░░░░░░░░░░░░░░░░░░░░░░░░░░░░░░
░░░░░░░░░░░░░░░░░░░░░░░░░░░░░░░░░░░░░░░░░░░░░░░░░░░░░░░░░░░░░░░░
░░░░░░░░░░░░░░░░░░░░░░░░░░░░░░░░░░░░░░░░░░░░░░░░░░░░░░░░░░░░░░░░
░░░░░░░░░░░░░░░░░░░░░░░░░░░░░░░░░░░░░░░░░░░░░░░░░░░░░░░░░░░░░░░░
░░░░░░░░░░░░░░░░░░░░░░░░░░░░░░░░░░░░░░░░░░░░░░░░░░░░░░░░░░░░░░░░
░░░░░░░░░░░░░░░░░░░░░░░░░░░░░░░░░░░░░░░░░░░░░░░░░░░░░░░░░░░░░░░░
░░░░░░░░░░░░░░░░░░░░░░░░░░░░░░░░░░░░░░░░░░░░░░░░░░░░░░░░░░░░░░░░
░░░░░░░░░░░░░░░░░░░░░░░░░░░░░░░░░░░░░░░░░░░░░░░░░░░░░░░░░░░░░░░░
░░░░░░░░░░░░░░░░░░░░░░░░░░░░░░░░░░░░░░░░░░░░░░░░░░░░░░░░░░░░░░░░
░░░░░░░░░░░░░░░░░░░░░░░░░░░░░░░░░░░░░░░░░░░░░░░░░░░░░░░░░░░░░░░░
░░░░░░░░░░░░░░░░░░░░░░░░░░░░░░░░░░░░░░░░░░░░░░░░░░░░░░░░░░░░░░░░
░░░░░░░░░░░░░░░░░░░░░░░░░░░░░░░░░░░░░░░░░░░░░░░░░░░░░░░░░░░░░░░░
░░░░░░░░░░░░░░░░░░░░░░░░░░░░░░░░░░░░░░░░░░░░░░░░░░░░░░░░░░░░░░░░
░░░░░░░░░░░░░░░░░░░░░░░░░░░░░░░░░░░░░░░░░░░░░░░░░░░░░░░░░░░░░░░░
░░░░░░░░░░░░░░░░░░░░░░░░░░░░░░░░░░░░░░░░░░░░░░░░░░░░░░░░░░░░░░░░
░░░░░░░░░░░░░░░░░░░░░░░░░░░░░░░░░░░░░░░░░░░░░░░░░░░░░░░░░░░░░░░░
░░░░░░░░░░░░░░░░░░░░░░░░░░░░░░░░░░░░░░░░░░░░░░░░░░░░░░░░░░░░░░░░
░░░░░░░░░░░░░░░░░░░░░░░░░░░░░░░░░░░░░░░░░░░░░░░░░░░░░░░░░░░░░░░░
░░░░░░░░░░░░░░░░░░░░░░░░░░░░░░░░░░░░░░░░░░░░░░░░░░░░░░░░░░░░░░░░
░░░░░░░░░░░░░░░░░░░░░░░░░░░░░░░░░░░░░░░░░░░░░░░░░░░░░░░░░░░░░░░░
░░░░░░░░░░░░░░░░░░░░░░░░░░░░░░░░░░░░░░░░░░░░░░░░░░░░░░░░░░░░░░░░
░░░░░░░░░░░░░░░░░░░░░░░░░░░░░░░░░░░░░░░░░░░░░░░░░░░░░░░░░░░░░░░░
░░░░░░░░░░░░░░░░░░░░░░░░░░░░░░░░░░░░░░░░░░░░░░░░░░░░░░░░░░░░░░░░
░░░░░░░░░░░░░░░░░░░░░░░░░░░░░░░░░░░░░░░░░░░░░░░░░░░░░░░░░░░░░░░░
░░░░░░░░░░░░░░░░░░░░░░░░░░░░░░░░░░░░░░░░░░░░░░░░░░░░░░░░░░░░░░░░
░░░░░░░░░░░░░░░░░░░░░░░░░░░░░░░░░░░░░░░░░░░░░░░░░░░░░░░░░░░░░░░░
░░░░░░░░░░░░░░░░░░░░░░░░░░░░░░░░░░░░░░░░░░░░░░░░░░░░░░░░░░░░░░░░
░░░░░░░░░░░░░░░░░░░░░░░░░░░░░░░░░░░░░░░░░░░░░░░░░░░░░░░░░░░░░░░░
░░░░░░░░░░░░░░░░░░░░░░░░░░░░░░░░░░░░░░░░░░░░░░░░░░░░░░░░░░░░░░░░

🗺️ Sparsity Heatmap [L1 E0] (Threshold: 0.050)
░░░░░░░░░░░░░░░░░░░░░░░░░░░░░░░░░░░░░░░░░░░░░░░░░░░░░░░░░░░░░░░░
░░░░░░░░░░░░░░░░░░░░░░░░░░░░░░░░░░░░░░░░░░░░░░░░░░░░░░░░░░░░░░░░
░░░░░░░░░░░░░░░░░░░░░░░░░░░░░░░░░░░░░░░░░░░░░░░░░░░░░░░░░░░░░░░░
░░░░░░░░░░░░░░░░░░░░░░░░░░░░░░░░░░░░░░░░░░░░░░░░░░░░░░░░░░░░░░░░
░░░░░░░░░░░░░░░░░░░░░░░░░░░░░░░░░░░░░░░░░░░░░░░░░░░░░░░░░░░░░░░░
░░░░░░░░░░░░░░░░░░░░░░░░░░░░░░░░░░░░░░░░░░░░░░░░░░░░░░░░░░░░░░░░
░░░░░░░░░░░░░░░░░░░░░░░░░░░░░░░░░░░░░░░░░░░░░░░░░░░░░░░░░░░░░░░░
░░░░░░░░░░░░░░░░░░░░░░░░░░░░░░░░░░░░░░░░░░░░░░░░░░░░░░░░░░░░░░░░
░░░░░░░░░░░░░░░░░░░░░░░░░░░░░░░░░░░░░░░░░░░░░░░░░░░░░░░░░░░░░░░░
░░░░░░░░░░░░░░░░░░░░░░░░░░░░░░░░░░░░░░░░░░░░░░░░░░░░░░░░░░░░░░░░
░░░░░░░░░░░░░░░░░░░░░░░░░░░░░░░░░░░░░░░░░░░░░░░░░░░░░░░░░░░░░░░░
░░░░░░░░░░░░░░░░░░░░░░░░░░░░░░░░░░░░░░░░░░░░░░░░░░░░░░░░░░░░░░░░
░░░░░░░░░░░░░░░░░░░░░░░░░░░░░░░░░░░░░░░░░░░░░░░░░░░░░░░░░░░░░░░░
░░░░░░░░░░░░░░░░░░░░░░░░░░░░░░░░░░░░░░░░░░░░░░░░░░░░░░░░░░░░░░░░
░░░░░░░░░░░░░░░░░░░░░░░░░░░░░░░░░░░░░░░░░░░░░░░░░░░░░░░░░░░░░░░░
░░░░░░░░░░░░░░░░░░░░░░░░░░░░░░░░░░░░░░░░░░░░░░░░░░░░░░░░░░░░░░░░
░░░░░░░░░░░░░░░░░░░░░░░░░░░░░░░░░░░░░░░░░░░░░░░░░░░░░░░░░░░░░░░░
░░░░░░░░░░░░░░░░░░░░░░░░░░░░░░░░░░░░░░░░░░░░░░░░░░░░░░░░░░░░░░░░
░░░░░░░░░░░░░░░░░░░░░░░░░░░░░░░░░░░░░░░░░░░░░░░░░░░░░░░░░░░░░░░░
░░░░░░░░░░░░░░░░░░░░░░░░░░░░░░░░░░░░░░░░░░░░░░░░░░░░░░░░░░░░░░░░
░░░░░░░░░░░░░░░░░░░░░░░░░░░░░░░░░░░░░░░░░░░░░░░░░░░░░░░░░░░░░░░░
░░░░░░░░░░░░░░░░░░░░░░░░░░░░░░░░░░░░░░░░░░░░░░░░░░░░░░░░░░░░░░░░
░░░░░░░░░░░░░░░░░░░░░░░░░░░░░░░░░░░░░░░░░░░░░░░░░░░░░░░░░░░░░░░░
░░░░░░░░░░░░░░░░░░░░░░░░░░░░░░░░░░░░░░░░░░░░░░░░░░░░░░░░░░░░░░░░
░░░░░░░░░░░░░░░░░░░░░░░░░░░░░░░░░░░░░░░░░░░░░░░░░░░░░░░░░░░░░░░░
░░░░░░░░░░░░░░░░░░░░░░░░░░░░░░░░░░░░░░░░░░░░░░░░░░░░░░░░░░░░░░░░
░░░░░░░░░░░░░░░░░░░░░░░░░░░░░░░░░░░░░░░░░░░░░░░░░░░░░░░░░░░░░░░░
░░░░░░░░░░░░░░░░░░░░░░░░░░░░░░░░░░░░░░░░░░░░░░░░░░░░░░░░░░░░░░░░
░░░░░░░░░░░░░░░░░░░░░░░░░░░░░░░░░░░░░░░░░░░░░░░░░░░░░░░░░░░░░░░░
░░░░░░░░░░░░░░░░░░░░░░░░░░░░░░░░░░░░░░░░░░░░░░░░░░░░░░░░░░░░░░░░
░░░░░░░░░░░░░░░░░░░░░░░░░░░░░░░░░░░░░░░░░░░░░░░░░░░░░░░░░░░░░░░░
░░░░░░░░░░░░░░░░░░░░░░░░░░░░░░░░░░░░░░░░░░░░░░░░░░░░░░░░░░░░░░░░
░░░░░░░░░░░░░░░░░░░░░░░░░░░░░░░░░░░░░░░░░░░░░░░░░░░░░░░░░░░░░░░░
░░░░░░░░░░░░░░░░░░░░░░░░░░░░░░░░░░░░░░░░░░░░░░░░░░░░░░░░░░░░░░░░
░░░░░░░░░░░░░░░░░░░░░░░░░░░░░░░░░░░░░░░░░░░░░░░░░░░░░░░░░░░░░░░░
░░░░░░░░░░░░░░░░░░░░░░░░░░░░░░░░░░░░░░░░░░░░░░░░░░░░░░░░░░░░░░░░
░░░░░░░░░░░░░░░░░░░░░░░░░░░░░░░░░░░░░░░░░░░░░░░░░░░░░░░░░░░░░░░░
░░░░░░░░░░░░░░░░░░░░░░░░░░░░░░░░░░░░░░░░░░░░░░░░░░░░░░░░░░░░░░░░
░░░░░░░░░░░░░░░░░░░░░░░░░░░░░░░░░░░░░░░░░░░░░░░░░░░░░░░░░░░░░░░░
░░░░░░░░░░░░░░░░░░░░░░░░░░░░░░░░░░░░░░░░░░░░░░░░░░░░░░░░░░░░░░░░
░░░░░░░░░░░░░░░░░░░░░░░░░░░░░░░░░░░░░░░░░░░░░░░░░░░░░░░░░░░░░░░░
░░░░░░░░░░░░░░░░░░░░░░░░░░░░░░░░░░░░░░░░░░░░░░░░░░░░░░░░░░░░░░░░
░░░░░░░░░░░░░░░░░░░░░░░░░░░░░░░░░░░░░░░░░░░░░░░░░░░░░░░░░░░░░░░░
░░░░░░░░░░░░░░░░░░░░░░░░░░░░░░░░░░░░░░░░░░░░░░░░░░░░░░░░░░░░░░░░
░░░░░░░░░░░░░░░░░░░░░░░░░░░░░░░░░░░░░░░░░░░░░░░░░░░░░░░░░░░░░░░░
░░░░░░░░░░░░░░░░░░░░░░░░░░░░░░░░░░░░░░░░░░░░░░░░░░░░░░░░░░░░░░░░
░░░░░░░░░░░░░░░░░░░░░░░░░░░░░░░░░░░░░░░░░░░░░░░░░░░░░░░░░░░░░░░░
░░░░░░░░░░░░░░░░░░░░░░░░░░░░░░░░░░░░░░░░░░░░░░░░░░░░░░░░░░░░░░░░
░░░░░░░░░░░░░░░░░░░░░░░░░░░░░░░░░░░░░░░░░░░░░░░░░░░░░░░░░░░░░░░░
░░░░░░░░░░░░░░░░░░░░░░░░░░░░░░░░░░░░░░░░░░░░░░░░░░░░░░░░░░░░░░░░
░░░░░░░░░░░░░░░░░░░░░░░░░░░░░░░░░░░░░░░░░░░░░░░░░░░░░░░░░░░░░░░░
░░░░░░░░░░░░░░░░░░░░░░░░░░░░░░░░░░░░░░░░░░░░░░░░░░░░░░░░░░░░░░░░
░░░░░░░░░░░░░░░░░░░░░░░░░░░░░░░░░░░░░░░░░░░░░░░░░░░░░░░░░░░░░░░░
░░░░░░░░░░░░░░░░░░░░░░░░░░░░░░░░░░░░░░░░░░░░░░░░░░░░░░░░░░░░░░░░
░░░░░░░░░░░░░░░░░░░░░░░░░░░░░░░░░░░░░░░░░░░░░░░░░░░░░░░░░░░░░░░░
░░░░░░░░░░░░░░░░░░░░░░░░░░░░░░░░░░░░░░░░░░░░░░░░░░░░░░░░░░░░░░░░
░░░░░░░░░░░░░░░░░░░░░░░░░░░░░░░░░░░░░░░░░░░░░░░░░░░░░░░░░░░░░░░░
░░░░░░░░░░░░░░░░░░░░░░░░░░░░░░░░░░░░░░░░░░░░░░░░░░░░░░░░░░░░░░░░
░░░░░░░░░░░░░░░░░░░░░░░░░░░░░░░░░░░░░░░░░░░░░░░░░░░░░░░░░░░░░░░░
░░░░░░░░░░░░░░░░░░░░░░░░░░░░░░░░░░░░░░░░░░░░░░░░░░░░░░░░░░░░░░░░
░░░░░░░░░░░░░░░░░░░░░░░░░░░░░░░░░░░░░░░░░░░░░░░░░░░░░░░░░░░░░░░░
░░░░░░░░░░░░░░░░░░░░░░░░░░░░░░░░░░░░░░░░░░░░░░░░░░░░░░░░░░░░░░░░
░░░░░░░░░░░░░░░░░░░░░░░░░░░░░░░░░░░░░░░░░░░░░░░░░░░░░░░░░░░░░░░░
░░░░░░░░░░░░░░░░░░░░░░░░░░░░░░░░░░░░░░░░░░░░░░░░░░░░░░░░░░░░░░░░
2026/03/29 20:10:12 chat.go:827: 🌡️ Step 200: Temp=2.0448 | Thawed Experts: 4/8
🔍 [Data Integrity Check]
2026/03/29 20:12:46 chat.go:1114: 🔥 [Stability Alert] Top Magnitude: Router/Gating [idx=24, size=3072] | Norm: 6.63 (Total Raw Norm: 1779906.94)
2026/03/29 20:12:47 chat.go:1140: 📥 [Step 207] Weights updated | Norm: 10.0000 [CLIPPED: raw=1779906.94] | LR: 0.00000279
2026/03/29 20:17:50 chat.go:1114: 🔥 [Stability Alert] Top Magnitude: Router/Gating [idx=24, size=3072] | Norm: 6.73 (Total Raw Norm: 982713.21)
2026/03/29 20:17:51 chat.go:1140: 📥 [Step 223] Weights updated | Norm: 10.0000 [CLIPPED: raw=982713.21] | LR: 0.00000301
2026/03/29 20:23:04 chat.go:1114: 🔥 [Stability Alert] Top Magnitude: Router/Gating [idx=24, size=3072] | Norm: 7.64 (Total Raw Norm: 1202967.34)
2026/03/29 20:23:05 chat.go:1140: 📥 [Step 239] Weights updated | Norm: 10.0000 [CLIPPED: raw=1202967.34] | LR: 0.00000322
2026/03/29 20:26:16 chat.go:1214: Epoch 0, Batch 250/6510, Loss: 8.0736 (LB: 0.4876, Step: 249, LR: 0.0000061) [0.05 b/s]
2026/03/29 20:27:59 chat.go:1114: 🔥 [Stability Alert] Top Magnitude: Embedding/Encoder [idx=2, size=4] | Norm: 5.71 (Total Raw Norm: 1192382.29)
2026/03/29 20:27:59 chat.go:1140: 📥 [Step 255] Weights updated | Norm: 10.0000 [CLIPPED: raw=1192382.29] | LR: 0.00000344
2026/03/29 20:33:17 chat.go:1114: 🔥 [Stability Alert] Top Magnitude: Embedding/Encoder [idx=2, size=4] | Norm: 7.63 (Total Raw Norm: 1225469.24)
2026/03/29 20:33:17 chat.go:1140: 📥 [Step 271] Weights updated | Norm: 10.0000 [CLIPPED: raw=1225469.24] | LR: 0.00000365
2026/03/29 20:38:20 chat.go:1114: 🔥 [Stability Alert] Top Magnitude: Router/Gating [idx=24, size=3072] | Norm: 6.56 (Total Raw Norm: 1443656.07)
2026/03/29 20:38:20 chat.go:1140: 📥 [Step 287] Weights updated | Norm: 10.0000 [CLIPPED: raw=1443656.07] | LR: 0.00000387
2026/03/29 20:42:05 chat.go:1214: Epoch 0, Batch 300/6510, Loss: 8.1455 (LB: 0.4866, Step: 299, LR: 0.0000063) [0.05 b/s]
2026/03/29 20:42:05 chat.go:827: 🌡️ Step 300: Temp=1.8502 | Thawed Experts: 6/8
🔍 [Data Integrity Check]
2026/03/29 20:43:41 chat.go:1114: 🔥 [Stability Alert] Top Magnitude: Router/Gating [idx=24, size=3072] | Norm: 6.83 (Total Raw Norm: 703977.86)
2026/03/29 20:43:44 chat.go:1140: 📥 [Step 303] Weights updated | Norm: 10.0000 [CLIPPED: raw=703977.86] | LR: 0.00000408
2026/03/29 20:49:26 chat.go:1114: 🔥 [Stability Alert] Top Magnitude: Router/Gating [idx=24, size=3072] | Norm: 6.57 (Total Raw Norm: 1422405.33)
2026/03/29 20:49:27 chat.go:1140: 📥 [Step 319] Weights updated | Norm: 10.0000 [CLIPPED: raw=1422405.33] | LR: 0.00000430
2026/03/29 20:54:16 chat.go:1114: 🔥 [Stability Alert] Top Magnitude: Router/Gating [idx=24, size=3072] | Norm: 7.02 (Total Raw Norm: 1664189.05)
2026/03/29 20:54:17 chat.go:1140: 📥 [Step 335] Weights updated | Norm: 10.0000 [CLIPPED: raw=1664189.05] | LR: 0.00000451
